Archive member included to satisfy reference by file (symbol)

library.a(initialize.o)       obj/Lab11E-Main-c.o (InitializeHardware)
library.a(stm32f429i_discovery.o)
                              library.a(initialize.o) (BSP_PB_Init)
library.a(stm32f429i_discovery_lcd.o)
                              library.a(initialize.o) (BSP_LCD_LayerDefaultInit)
library.a(stm32f429i_discovery_sdram.o)
                              library.a(stm32f429i_discovery_lcd.o) (BSP_SDRAM_Init)
library.a(stm32f4xx_hal.o)    library.a(initialize.o) (HAL_Init)
library.a(stm32f4xx_hal_cortex.o)
                              library.a(stm32f4xx_hal.o) (HAL_NVIC_SetPriorityGrouping)
library.a(stm32f4xx_hal_dma.o)
                              library.a(stm32f429i_discovery_sdram.o) (HAL_DMA_Init)
library.a(stm32f4xx_hal_dma2d.o)
                              library.a(stm32f429i_discovery_lcd.o) (HAL_DMA2D_Init)
library.a(stm32f4xx_hal_gpio.o)
                              library.a(stm32f429i_discovery.o) (HAL_GPIO_Init)
library.a(stm32f4xx_hal_i2c.o)
                              library.a(stm32f429i_discovery.o) (HAL_I2C_Init)
library.a(stm32f4xx_hal_ltdc.o)
                              library.a(stm32f429i_discovery_lcd.o) (HAL_LTDC_Init)
library.a(stm32f4xx_hal_rcc.o)
                              library.a(initialize.o) (HAL_RCC_OscConfig)
library.a(stm32f4xx_hal_rcc_ex.o)
                              library.a(stm32f429i_discovery_lcd.o) (HAL_RCCEx_PeriphCLKConfig)
library.a(stm32f4xx_hal_sdram.o)
                              library.a(stm32f429i_discovery_sdram.o) (HAL_SDRAM_Init)
library.a(stm32f4xx_hal_spi.o)
                              library.a(stm32f429i_discovery.o) (HAL_SPI_Init)
library.a(stm32f4xx_it.o)     library.a(initialize.o) (IncludeThis)
library.a(stm32f4xx_ll_fmc.o)
                              library.a(stm32f4xx_hal_sdram.o) (FMC_SDRAM_Init)
library.a(svcHandler.o)       library.a(stm32f4xx_it.o) (SVC_Exception)
library.a(system_stm32f4xx.o)
                              library.a(stm32f4xx_hal_rcc.o) (SystemCoreClock)
library.a(startup_stm32f429xx.o)
                              library.a(initialize.o) (Reset_Handler)
library.a(ili9341.o)          library.a(stm32f429i_discovery_lcd.o) (ili9341_drv)
c:/program files (x86)/gnu arm embedded toolchain/10 2020-q4-major/bin/../lib/gcc/arm-none-eabi/10.2.1/../../../../arm-none-eabi/lib/thumb/v7e-m+fp/hard\libm.a(lib_a-wf_sqrt.o)
                              obj/Lab11E-Main-c.o (sqrtf)
c:/program files (x86)/gnu arm embedded toolchain/10 2020-q4-major/bin/../lib/gcc/arm-none-eabi/10.2.1/../../../../arm-none-eabi/lib/thumb/v7e-m+fp/hard\libm.a(lib_a-ef_sqrt.o)
                              c:/program files (x86)/gnu arm embedded toolchain/10 2020-q4-major/bin/../lib/gcc/arm-none-eabi/10.2.1/../../../../arm-none-eabi/lib/thumb/v7e-m+fp/hard\libm.a(lib_a-wf_sqrt.o) (__ieee754_sqrtf)
c:/program files (x86)/gnu arm embedded toolchain/10 2020-q4-major/bin/../lib/gcc/arm-none-eabi/10.2.1/../../../../arm-none-eabi/lib/thumb/v7e-m+fp/hard\libm.a(lib_a-s_lib_ver.o)
                              c:/program files (x86)/gnu arm embedded toolchain/10 2020-q4-major/bin/../lib/gcc/arm-none-eabi/10.2.1/../../../../arm-none-eabi/lib/thumb/v7e-m+fp/hard\libm.a(lib_a-wf_sqrt.o) (__fdlib_version)
c:/program files (x86)/gnu arm embedded toolchain/10 2020-q4-major/bin/../lib/gcc/arm-none-eabi/10.2.1/../../../../arm-none-eabi/lib/thumb/v7e-m+fp/hard\libc.a(lib_a-errno.o)
                              c:/program files (x86)/gnu arm embedded toolchain/10 2020-q4-major/bin/../lib/gcc/arm-none-eabi/10.2.1/../../../../arm-none-eabi/lib/thumb/v7e-m+fp/hard\libm.a(lib_a-wf_sqrt.o) (__errno)
c:/program files (x86)/gnu arm embedded toolchain/10 2020-q4-major/bin/../lib/gcc/arm-none-eabi/10.2.1/../../../../arm-none-eabi/lib/thumb/v7e-m+fp/hard\libc.a(lib_a-exit.o)
                              c:/program files (x86)/gnu arm embedded toolchain/10 2020-q4-major/bin/../lib/gcc/arm-none-eabi/10.2.1/../../../../arm-none-eabi/lib/thumb/v7e-m+fp/hard/crt0.o (exit)
c:/program files (x86)/gnu arm embedded toolchain/10 2020-q4-major/bin/../lib/gcc/arm-none-eabi/10.2.1/../../../../arm-none-eabi/lib/thumb/v7e-m+fp/hard\libc.a(lib_a-impure.o)
                              c:/program files (x86)/gnu arm embedded toolchain/10 2020-q4-major/bin/../lib/gcc/arm-none-eabi/10.2.1/../../../../arm-none-eabi/lib/thumb/v7e-m+fp/hard\libc.a(lib_a-exit.o) (_global_impure_ptr)
c:/program files (x86)/gnu arm embedded toolchain/10 2020-q4-major/bin/../lib/gcc/arm-none-eabi/10.2.1/../../../../arm-none-eabi/lib/thumb/v7e-m+fp/hard\libc.a(lib_a-init.o)
                              c:/program files (x86)/gnu arm embedded toolchain/10 2020-q4-major/bin/../lib/gcc/arm-none-eabi/10.2.1/../../../../arm-none-eabi/lib/thumb/v7e-m+fp/hard/crt0.o (__libc_init_array)
[...]
Memory Configuration

Name             Origin             Length             Attributes
ROM              0x08000000         0x00200000         xr
RAM              0x20000000         0x00030000         xrw
CCM              0x10000000         0x00010000         xrw
*default*        0x00000000         0xffffffff

Linker script and memory map

LOAD c:/program files (x86)/gnu arm embedded toolchain/10 2020-q4-major/bin/../lib/gcc/arm-none-eabi/10.2.1/thumb/v7e-m+fp/hard/crti.o
LOAD c:/program files (x86)/gnu arm embedded toolchain/10 2020-q4-major/bin/../lib/gcc/arm-none-eabi/10.2.1/thumb/v7e-m+fp/hard/crtbegin.o
LOAD c:/program files (x86)/gnu arm embedded toolchain/10 2020-q4-major/bin/../lib/gcc/arm-none-eabi/10.2.1/../../../../arm-none-eabi/lib/thumb/v7e-m+fp/hard/crt0.o
LOAD obj/Lab11E-Main-c.o
LOAD obj/Lab11E-Mine-s.o
LOAD library.a
LOAD library.a
LOAD c:/program files (x86)/gnu arm embedded toolchain/10 2020-q4-major/bin/../lib/gcc/arm-none-eabi/10.2.1/../../../../arm-none-eabi/lib/thumb/v7e-m+fp/hard\libm.a
LOAD c:/program files (x86)/gnu arm embedded toolchain/10 2020-q4-major/bin/../lib/gcc/arm-none-eabi/10.2.1/../../../../arm-none-eabi/lib/thumb/v7e-m+fp/hard\libc.a
LOAD c:/program files (x86)/gnu arm embedded toolchain/10 2020-q4-major/bin/../lib/gcc/arm-none-eabi/10.2.1/../../../../arm-none-eabi/lib/thumb/v7e-m+fp/hard\libnosys.a
LOAD c:/program files (x86)/gnu arm embedded toolchain/10 2020-q4-major/bin/../lib/gcc/arm-none-eabi/10.2.1/../../../../arm-none-eabi/lib/thumb/v7e-m+fp/hard\libc.a
START GROUP
LOAD c:/program files (x86)/gnu arm embedded toolchain/10 2020-q4-major/bin/../lib/gcc/arm-none-eabi/10.2.1/thumb/v7e-m+fp/hard\libgcc.a
LOAD c:/program files (x86)/gnu arm embedded toolchain/10 2020-q4-major/bin/../lib/gcc/arm-none-eabi/10.2.1/../../../../arm-none-eabi/lib/thumb/v7e-m+fp/hard\libc.a
END GROUP
LOAD c:/program files (x86)/gnu arm embedded toolchain/10 2020-q4-major/bin/../lib/gcc/arm-none-eabi/10.2.1/thumb/v7e-m+fp/hard/crtend.o
LOAD c:/program files (x86)/gnu arm embedded toolchain/10 2020-q4-major/bin/../lib/gcc/arm-none-eabi/10.2.1/thumb/v7e-m+fp/hard/crtn.o

.text           0x08000000     0xe9bc
 *(.isr_vector)
 .isr_vector    0x08000000      0x1ac library.a(startup_stm32f429xx.o)
                0x08000000                __isr_vector
 *(.text*)
 .text          0x080001ac       0x40 c:/program files (x86)/gnu arm embedded toolchain/10 2020-q4-major/bin/../lib/gcc/arm-none-eabi/10.2.1/thumb/v7e-m+fp/hard/crtbegin.o
 .text          0x080001ec       0x7c c:/program files (x86)/gnu arm embedded toolchain/10 2020-q4-major/bin/../lib/gcc/arm-none-eabi/10.2.1/../../../../arm-none-eabi/lib/thumb/v7e-m+fp/hard/crt0.o
                0x080001ec                _stack_init
                0x080001f4                _start
                0x080001f4                _mainCRTStartup
 .text.Q16BestRoot
                0x08000268      0x110 obj/Lab11E-Main-c.o
                0x08000268                Q16BestRoot
 .text.PlotQ16.constprop.0
                0x08000378      0x1dc obj/Lab11E-Main-c.o
 *fill*         0x08000554        0x4 
 .text.startup.main
                0x08000558      0x1d0 obj/Lab11E-Main-c.o
                0x08000558                main
 .text          0x08000728       0x3c obj/Lab11E-Mine-s.o
                0x08000728                Q16GoodRoot
 .text.TextRows
                0x08000764       0x12 library.a(initialize.o)
 *fill*         0x08000776        0x2 
 .text.ClearDisplay
                0x08000778       0x34 library.a(initialize.o)
                0x08000778                ClearDisplay
 .text.DisplayHeader
                0x080007ac       0x7c library.a(initialize.o)
                0x080007ac                DisplayHeader
 .text.DisplayFooter
                0x08000828       0x58 library.a(initialize.o)
                0x08000828                DisplayFooter
 .text._write   0x08000880      0x104 library.a(initialize.o)
                0x08000880                _write
 .text.InitializeHardware
                0x08000984      0x124 library.a(initialize.o)
                0x08000984                InitializeHardware
 .text.WaitForPushButton
                0x08000aa8       0x18 library.a(initialize.o)
                0x08000aa8                WaitForPushButton
 .text.SPIx_Init
                0x08000ac0       0x98 library.a(stm32f429i_discovery.o)
 .text.SPIx_Write
                0x08000b58       0x30 library.a(stm32f429i_discovery.o)
 .text.BSP_PB_Init
                0x08000b88       0x70 library.a(stm32f429i_discovery.o)
                0x08000b88                BSP_PB_Init
 .text.BSP_PB_GetState
                0x08000bf8       0x14 library.a(stm32f429i_discovery.o)
                0x08000bf8                BSP_PB_GetState
 .text.LCD_IO_Init
                0x08000c0c       0xb0 library.a(stm32f429i_discovery.o)
                0x08000c0c                LCD_IO_Init
 .text.LCD_IO_WriteData
                0x08000cbc       0x38 library.a(stm32f429i_discovery.o)
                0x08000cbc                LCD_IO_WriteData
 .text.LCD_IO_WriteReg
                0x08000cf4       0x38 library.a(stm32f429i_discovery.o)
                0x08000cf4                LCD_IO_WriteReg
 .text.LCD_IO_ReadData
                0x08000d2c       0x6c library.a(stm32f429i_discovery.o)
                0x08000d2c                LCD_IO_ReadData
 .text.LCD_Delay
                0x08000d98        0x4 library.a(stm32f429i_discovery.o)
                0x08000d98                LCD_Delay
 .text.FillBuffer
                0x08000d9c       0x64 library.a(stm32f429i_discovery_lcd.o)
 .text.BSP_LCD_GetXSize
                0x08000e00       0x10 library.a(stm32f429i_discovery_lcd.o)
                0x08000e00                BSP_LCD_GetXSize
 .text.BSP_LCD_GetYSize
                0x08000e10       0x10 library.a(stm32f429i_discovery_lcd.o)
                0x08000e10                BSP_LCD_GetYSize
 .text.BSP_LCD_LayerDefaultInit
                0x08000e20       0x7c library.a(stm32f429i_discovery_lcd.o)
                0x08000e20                BSP_LCD_LayerDefaultInit
 .text.BSP_LCD_SelectLayer
                0x08000e9c        0xc library.a(stm32f429i_discovery_lcd.o)
                0x08000e9c                BSP_LCD_SelectLayer
 .text.BSP_LCD_GetTextColor
                0x08000ea8       0x18 library.a(stm32f429i_discovery_lcd.o)
                0x08000ea8                BSP_LCD_GetTextColor
 .text.BSP_LCD_GetBackColor
                0x08000ec0       0x18 library.a(stm32f429i_discovery_lcd.o)
                0x08000ec0                BSP_LCD_GetBackColor
 .text.BSP_LCD_SetTextColor
                0x08000ed8       0x18 library.a(stm32f429i_discovery_lcd.o)
                0x08000ed8                BSP_LCD_SetTextColor
 .text.BSP_LCD_SetBackColor
                0x08000ef0       0x18 library.a(stm32f429i_discovery_lcd.o)
                0x08000ef0                BSP_LCD_SetBackColor
 .text.BSP_LCD_SetFont
                0x08000f08       0x18 library.a(stm32f429i_discovery_lcd.o)
                0x08000f08                BSP_LCD_SetFont
 .text.BSP_LCD_Init
                0x08000f20      0x1bc library.a(stm32f429i_discovery_lcd.o)
                0x08000f20                BSP_LCD_Init
 .text.BSP_LCD_GetFont
                0x080010dc       0x18 library.a(stm32f429i_discovery_lcd.o)
                0x080010dc                BSP_LCD_GetFont
 .text.BSP_LCD_Clear
                0x080010f4       0x40 library.a(stm32f429i_discovery_lcd.o)
                0x080010f4                BSP_LCD_Clear
 .text.BSP_LCD_DrawHLine
                0x08001134       0x50 library.a(stm32f429i_discovery_lcd.o)
                0x08001134                BSP_LCD_DrawHLine
 .text.BSP_LCD_DrawVLine
                0x08001184       0x5c library.a(stm32f429i_discovery_lcd.o)
                0x08001184                BSP_LCD_DrawVLine
 .text.BSP_LCD_DrawRect
                0x080011e0       0x34 library.a(stm32f429i_discovery_lcd.o)
                0x080011e0                BSP_LCD_DrawRect
 .text.BSP_LCD_FillRect
                0x08001214       0x74 library.a(stm32f429i_discovery_lcd.o)
                0x08001214                BSP_LCD_FillRect
 .text.BSP_LCD_DisplayOn
                0x08001288       0x10 library.a(stm32f429i_discovery_lcd.o)
                0x08001288                BSP_LCD_DisplayOn
 .text.BSP_LCD_DrawPixel
                0x08001298       0x2c library.a(stm32f429i_discovery_lcd.o)
                0x08001298                BSP_LCD_DrawPixel
 .text.BSP_LCD_DisplayChar
                0x080012c4       0xd4 library.a(stm32f429i_discovery_lcd.o)
                0x080012c4                BSP_LCD_DisplayChar
 .text.BSP_LCD_DisplayStringAt
                0x08001398       0x9c library.a(stm32f429i_discovery_lcd.o)
                0x08001398                BSP_LCD_DisplayStringAt
 .text.BSP_SDRAM_Initialization_sequence
                0x08001434       0x94 library.a(stm32f429i_discovery_sdram.o)
                0x08001434                BSP_SDRAM_Initialization_sequence
 .text.BSP_SDRAM_Init
                0x080014c8      0x1c8 library.a(stm32f429i_discovery_sdram.o)
                0x080014c8                BSP_SDRAM_Init
 .text.HAL_MspInit
                0x08001690        0x2 library.a(stm32f4xx_hal.o)
                0x08001690                HAL_MspInit
 .text.HAL_InitTick
                0x08001692       0x28 library.a(stm32f4xx_hal.o)
                0x08001692                HAL_InitTick
 *fill*         0x080016ba        0x2 
 .text.HAL_Init
                0x080016bc       0x34 library.a(stm32f4xx_hal.o)
                0x080016bc                HAL_Init
 .text.HAL_IncTick
                0x080016f0       0x10 library.a(stm32f4xx_hal.o)
                0x080016f0                HAL_IncTick
 .text.HAL_GetTick
                0x08001700        0xc library.a(stm32f4xx_hal.o)
                0x08001700                HAL_GetTick
 .text.HAL_Delay
                0x0800170c       0x1a library.a(stm32f4xx_hal.o)
                0x0800170c                HAL_Delay
 *fill*         0x08001726        0x2 
 .text.HAL_NVIC_SetPriorityGrouping
                0x08001728       0x24 library.a(stm32f4xx_hal_cortex.o)
                0x08001728                HAL_NVIC_SetPriorityGrouping
 .text.HAL_NVIC_SetPriority
                0x0800174c       0x68 library.a(stm32f4xx_hal_cortex.o)
                0x0800174c                HAL_NVIC_SetPriority
 .text.HAL_NVIC_EnableIRQ
                0x080017b4       0x18 library.a(stm32f4xx_hal_cortex.o)
                0x080017b4                HAL_NVIC_EnableIRQ
 .text.HAL_SYSTICK_Config
                0x080017cc       0x28 library.a(stm32f4xx_hal_cortex.o)
                0x080017cc                HAL_SYSTICK_Config
 .text.HAL_DMA_Init
                0x080017f4       0x78 library.a(stm32f4xx_hal_dma.o)
                0x080017f4                HAL_DMA_Init
 .text.HAL_DMA_DeInit
                0x0800186c      0xacc library.a(stm32f4xx_hal_dma.o)
                0x0800186c                HAL_DMA_DeInit
 .text.DMA2D_SetConfig
                0x08002338       0x80 library.a(stm32f4xx_hal_dma2d.o)
 .text.HAL_DMA2D_MspInit
                0x080023b8        0x2 library.a(stm32f4xx_hal_dma2d.o)
                0x080023b8                HAL_DMA2D_MspInit
 .text.HAL_DMA2D_Init
                0x080023ba       0x5c library.a(stm32f4xx_hal_dma2d.o)
                0x080023ba                HAL_DMA2D_Init
 .text.HAL_DMA2D_Start
                0x08002416       0x40 library.a(stm32f4xx_hal_dma2d.o)
                0x08002416                HAL_DMA2D_Start
 .text.HAL_DMA2D_PollForTransfer
                0x08002456       0xc4 library.a(stm32f4xx_hal_dma2d.o)
                0x08002456                HAL_DMA2D_PollForTransfer
 *fill*         0x0800251a        0x2 
 .text.HAL_DMA2D_ConfigLayer
                0x0800251c       0xd8 library.a(stm32f4xx_hal_dma2d.o)
                0x0800251c                HAL_DMA2D_ConfigLayer
 .text.HAL_GPIO_Init
                0x080025f4      0x1d8 library.a(stm32f4xx_hal_gpio.o)
                0x080025f4                HAL_GPIO_Init
 .text.HAL_GPIO_ReadPin
                0x080027cc        0xc library.a(stm32f4xx_hal_gpio.o)
                0x080027cc                HAL_GPIO_ReadPin
 .text.HAL_GPIO_WritePin
                0x080027d8        0xa library.a(stm32f4xx_hal_gpio.o)
                0x080027d8                HAL_GPIO_WritePin
 .text.LTDC_SetConfig
                0x080027e2      0x148 library.a(stm32f4xx_hal_ltdc.o)
 .text.HAL_LTDC_MspInit
                0x0800292a        0x2 library.a(stm32f4xx_hal_ltdc.o)
                0x0800292a                HAL_LTDC_MspInit
 .text.HAL_LTDC_Init
                0x0800292c       0xfc library.a(stm32f4xx_hal_ltdc.o)
                0x0800292c                HAL_LTDC_Init
 .text.HAL_LTDC_ConfigLayer
                0x08002a28       0x5c library.a(stm32f4xx_hal_ltdc.o)
                0x08002a28                HAL_LTDC_ConfigLayer
 .text.HAL_LTDC_EnableDither
                0x08002a84       0x34 library.a(stm32f4xx_hal_ltdc.o)
                0x08002a84                HAL_LTDC_EnableDither
 .text.HAL_RCC_OscConfig
                0x08002ab8      0x330 library.a(stm32f4xx_hal_rcc.o)
                0x08002ab8                HAL_RCC_OscConfig
 .text.HAL_RCC_ClockConfig
                0x08002de8      0x1f8 library.a(stm32f4xx_hal_rcc.o)
                0x08002de8                HAL_RCC_ClockConfig
 .text.HAL_RCC_GetSysClockFreq
                0x08002fe0       0x78 library.a(stm32f4xx_hal_rcc.o)
                0x08002fe0                HAL_RCC_GetSysClockFreq
 .text.HAL_RCC_GetHCLKFreq
                0x08003058       0x38 library.a(stm32f4xx_hal_rcc.o)
                0x08003058                HAL_RCC_GetHCLKFreq
 .text.HAL_RCCEx_PeriphCLKConfig
                0x08003090      0x2dc library.a(stm32f4xx_hal_rcc_ex.o)
                0x08003090                HAL_RCCEx_PeriphCLKConfig
 .text.HAL_SDRAM_MspInit
                0x0800336c        0x2 library.a(stm32f4xx_hal_sdram.o)
                0x0800336c                HAL_SDRAM_MspInit
 .text.HAL_SDRAM_Init
                0x0800336e       0x40 library.a(stm32f4xx_hal_sdram.o)
                0x0800336e                HAL_SDRAM_Init
 .text.HAL_SDRAM_SendCommand
                0x080033ae       0x2e library.a(stm32f4xx_hal_sdram.o)
                0x080033ae                HAL_SDRAM_SendCommand
 .text.HAL_SDRAM_ProgramRefreshRate
                0x080033dc       0x24 library.a(stm32f4xx_hal_sdram.o)
                0x080033dc                HAL_SDRAM_ProgramRefreshRate
 .text.SPI_WaitOnFlagUntilTimeout
                0x08003400       0x94 library.a(stm32f4xx_hal_spi.o)
 .text.HAL_SPI_MspInit
                0x08003494        0x2 library.a(stm32f4xx_hal_spi.o)
                0x08003494                HAL_SPI_MspInit
 .text.HAL_SPI_Init
                0x08003496       0x82 library.a(stm32f4xx_hal_spi.o)
                0x08003496                HAL_SPI_Init
 .text.HAL_SPI_MspDeInit
                0x08003518        0x2 library.a(stm32f4xx_hal_spi.o)
                0x08003518                HAL_SPI_MspDeInit
 .text.HAL_SPI_DeInit
                0x0800351a       0x26 library.a(stm32f4xx_hal_spi.o)
                0x0800351a                HAL_SPI_DeInit
 .text.HAL_SPI_Transmit
                0x08003540      0x164 library.a(stm32f4xx_hal_spi.o)
                0x08003540                HAL_SPI_Transmit
 .text.HAL_SPI_TransmitReceive
                0x080036a4      0x2c2 library.a(stm32f4xx_hal_spi.o)
                0x080036a4                HAL_SPI_TransmitReceive
 .text.HAL_SPI_Receive
                0x08003966      0x1d2 library.a(stm32f4xx_hal_spi.o)
                0x08003966                HAL_SPI_Receive
 .text.HAL_SPI_GetState
                0x08003b38        0x6 library.a(stm32f4xx_hal_spi.o)
                0x08003b38                HAL_SPI_GetState
 .text.NMI_Handler
                0x08003b3e        0x2 library.a(stm32f4xx_it.o)
                0x08003b3e                NMI_Handler
 .text.SVC_Handler
                0x08003b40       0x20 library.a(stm32f4xx_it.o)
                0x08003b40                SVC_Handler
 .text.DebugMon_Handler
                0x08003b60        0x2 library.a(stm32f4xx_it.o)
                0x08003b60                DebugMon_Handler
 .text.PendSV_Handler
                0x08003b62        0x2 library.a(stm32f4xx_it.o)
                0x08003b62                PendSV_Handler
 .text.SysTick_Handler
                0x08003b64        0x4 library.a(stm32f4xx_it.o)
                0x08003b64                SysTick_Handler
 .text.FMC_SDRAM_Init
                0x08003b68       0x6c library.a(stm32f4xx_ll_fmc.o)
                0x08003b68                FMC_SDRAM_Init
 .text.FMC_SDRAM_Timing_Init
                0x08003bd4       0x70 library.a(stm32f4xx_ll_fmc.o)
                0x08003bd4                FMC_SDRAM_Timing_Init
 .text.FMC_SDRAM_SendCommand
                0x08003c44       0x50 library.a(stm32f4xx_ll_fmc.o)
                0x08003c44                FMC_SDRAM_SendCommand
 .text.FMC_SDRAM_ProgramRefreshRate
                0x08003c94        0xc library.a(stm32f4xx_ll_fmc.o)
                0x08003c94                FMC_SDRAM_ProgramRefreshRate
 .text.SVC_Label
                0x08003ca0       0x58 library.a(svcHandler.o)
 .text.Preserve
                0x08003cf8       0xa8 library.a(svcHandler.o)
 .text.HardStopHandler
                0x08003da0       0x94 library.a(svcHandler.o)
 .text.Restore  0x08003e34       0x5c library.a(svcHandler.o)
 .text.FlPtRegs
                0x08003e90       0xa4 library.a(svcHandler.o)
 .text._MemManageHandler
                0x08003f34       0x10 library.a(svcHandler.o)
                0x08003f34                _MemManageHandler
 .text.MemManage_Handler
                0x08003f44        0xc library.a(svcHandler.o)
                0x08003f44                MemManage_Handler
 .text._BusFault_Handler
                0x08003f50       0x10 library.a(svcHandler.o)
                0x08003f50                _BusFault_Handler
 .text.BusFault_Handler
                0x08003f60        0xc library.a(svcHandler.o)
                0x08003f60                BusFault_Handler
 .text._HardFault_Handler
                0x08003f6c       0x10 library.a(svcHandler.o)
                0x08003f6c                _HardFault_Handler
 .text.HardFault_Handler
                0x08003f7c        0xc library.a(svcHandler.o)
                0x08003f7c                HardFault_Handler
 .text._UsageFault_Handler
                0x08003f88       0x38 library.a(svcHandler.o)
                0x08003f88                _UsageFault_Handler
 .text.UsageFault_Handler
                0x08003fc0        0xc library.a(svcHandler.o)
                0x08003fc0                UsageFault_Handler
 .text.SVC_Exception
                0x08003fcc       0xd8 library.a(svcHandler.o)
                0x08003fcc                SVC_Exception
 .text.SystemInit
                0x080040a4       0x4c library.a(system_stm32f4xx.o)
                0x080040a4                SystemInit
 .text          0x080040f0      0x118 library.a(startup_stm32f429xx.o)
                0x080040f0                Reset_Handler
                0x08004148                Default_Handler
                0x0800414a                WWDG_IRQHandler
                0x0800414c                PVD_IRQHandler
                0x0800414e                TAMP_STAMP_IRQHandler
                0x08004150                RTC_WKUP_IRQHandler
                0x08004152                FLASH_IRQHandler
                0x08004154                RCC_IRQHandler
                0x08004156                EXTI0_IRQHandler
                0x08004158                EXTI1_IRQHandler
                0x0800415a                EXTI2_IRQHandler
                0x0800415c                EXTI3_IRQHandler
                0x0800415e                EXTI4_IRQHandler
                0x08004160                DMA1_Stream0_IRQHandler
                0x08004162                DMA1_Stream1_IRQHandler
                0x08004164                DMA1_Stream2_IRQHandler
                0x08004166                DMA1_Stream3_IRQHandler
                0x08004168                DMA1_Stream4_IRQHandler
                0x0800416a                DMA1_Stream5_IRQHandler
                0x0800416c                DMA1_Stream6_IRQHandler
                0x0800416e                ADC_IRQHandler
                0x08004170                CAN1_TX_IRQHandler
                0x08004172                CAN1_RX0_IRQHandler
                0x08004174                CAN1_RX1_IRQHandler
                0x08004176                CAN1_SCE_IRQHandler
                0x08004178                EXTI9_5_IRQHandler
                0x0800417a                TIM1_BRK_TIM9_IRQHandler
                0x0800417c                TIM1_UP_TIM10_IRQHandler
                0x0800417e                TIM1_TRG_COM_TIM11_IRQHandler
                0x08004180                TIM1_CC_IRQHandler
                0x08004182                TIM2_IRQHandler
                0x08004184                TIM3_IRQHandler
                0x08004186                TIM4_IRQHandler
                0x08004188                I2C1_EV_IRQHandler
                0x0800418a                I2C1_ER_IRQHandler
                0x0800418c                I2C2_EV_IRQHandler
                0x0800418e                I2C2_ER_IRQHandler
                0x08004190                SPI1_IRQHandler
                0x08004192                SPI2_IRQHandler
                0x08004194                USART1_IRQHandler
                0x08004196                USART2_IRQHandler
                0x08004198                USART3_IRQHandler
                0x0800419a                EXTI15_10_IRQHandler
                0x0800419c                RTC_Alarm_IRQHandler
                0x0800419e                OTG_FS_WKUP_IRQHandler
                0x080041a0                TIM8_BRK_TIM12_IRQHandler
                0x080041a2                TIM8_UP_TIM13_IRQHandler
                0x080041a4                TIM8_TRG_COM_TIM14_IRQHandler
                0x080041a6                TIM8_CC_IRQHandler
                0x080041a8                DMA1_Stream7_IRQHandler
                0x080041aa                FSMC_IRQHandler
                0x080041ac                SDIO_IRQHandler
                0x080041ae                TIM5_IRQHandler
                0x080041b0                SPI3_IRQHandler
                0x080041b2                UART4_IRQHandler
                0x080041b4                UART5_IRQHandler
                0x080041b6                TIM6_DAC_IRQHandler
                0x080041b8                TIM7_IRQHandler
                0x080041ba                DMA2_Stream0_IRQHandler
                0x080041bc                DMA2_Stream1_IRQHandler
                0x080041be                DMA2_Stream2_IRQHandler
                0x080041c0                DMA2_Stream3_IRQHandler
                0x080041c2                DMA2_Stream4_IRQHandler
                0x080041c4                ETH_IRQHandler
                0x080041c6                ETH_WKUP_IRQHandler
                0x080041c8                CAN2_TX_IRQHandler
                0x080041ca                CAN2_RX0_IRQHandler
                0x080041cc                CAN2_RX1_IRQHandler
                0x080041ce                CAN2_SCE_IRQHandler
                0x080041d0                OTG_FS_IRQHandler
                0x080041d2                DMA2_Stream5_IRQHandler
                0x080041d4                DMA2_Stream6_IRQHandler
                0x080041d6                DMA2_Stream7_IRQHandler
                0x080041d8                USART6_IRQHandler
                0x080041da                I2C3_EV_IRQHandler
                0x080041dc                I2C3_ER_IRQHandler
                0x080041de                OTG_HS_EP1_OUT_IRQHandler
                0x080041e0                OTG_HS_EP1_IN_IRQHandler
                0x080041e2                OTG_HS_WKUP_IRQHandler
                0x080041e4                OTG_HS_IRQHandler
                0x080041e6                DCMI_IRQHandler
                0x080041e8                CRYP_IRQHandler
                0x080041ea                HASH_RNG_IRQHandler
                0x080041ec                FPU_IRQHandler
                0x080041ee                UART7_IRQHandler
                0x080041f0                UART8_IRQHandler
                0x080041f2                SPI4_IRQHandler
                0x080041f4                SPI5_IRQHandler
                0x080041f6                SPI6_IRQHandler
                0x080041f8                SAI1_IRQHandler
                0x080041fa                LTDC_IRQHandler
                0x080041fc                LTDC_ER_IRQHandler
                0x080041fe                DMA2D_IRQHandler
 .text.ili9341_GetLcdPixelWidth
                0x08004208        0x4 library.a(ili9341.o)
                0x08004208                ili9341_GetLcdPixelWidth
 .text.ili9341_GetLcdPixelHeight
                0x0800420c        0x6 library.a(ili9341.o)
                0x0800420c                ili9341_GetLcdPixelHeight
 .text.ili9341_DisplayOn
                0x08004212        0x6 library.a(ili9341.o)
                0x08004212                ili9341_DisplayOn
 .text.ili9341_DisplayOff
                0x08004218        0x6 library.a(ili9341.o)
                0x08004218                ili9341_DisplayOff
 .text.ili9341_Init
                0x0800421e      0x292 library.a(ili9341.o)
                0x0800421e                ili9341_Init
 .text.ili9341_ReadID
                0x080044b0       0x12 library.a(ili9341.o)
                0x080044b0                ili9341_ReadID
 *fill*         0x080044c2        0x2 
 .text.sqrtf    0x080044c4       0x50 c:/program files (x86)/gnu arm embedded toolchain/10 2020-q4-major/bin/../lib/gcc/arm-none-eabi/10.2.1/../../../../arm-none-eabi/lib/thumb/v7e-m+fp/hard\libm.a(lib_a-wf_sqrt.o)
                0x080044c4                sqrtf
 .text.__ieee754_sqrtf
                0x08004514        0x8 c:/program files (x86)/gnu arm embedded toolchain/10 2020-q4-major/bin/../lib/gcc/arm-none-eabi/10.2.1/../../../../arm-none-eabi/lib/thumb/v7e-m+fp/hard\libm.a(lib_a-ef_sqrt.o)
                0x08004514                __ieee754_sqrtf
 .text.__errno  0x0800451c        0xc c:/program files (x86)/gnu arm embedded toolchain/10 2020-q4-major/bin/../lib/gcc/arm-none-eabi/10.2.1/../../../../arm-none-eabi/lib/thumb/v7e-m+fp/hard\libc.a(lib_a-errno.o)
                0x0800451c                __errno
 .text.exit     0x08004528       0x20 c:/program files (x86)/gnu arm embedded toolchain/10 2020-q4-major/bin/../lib/gcc/arm-none-eabi/10.2.1/../../../../arm-none-eabi/lib/thumb/v7e-m+fp/hard\libc.a(lib_a-exit.o)
                0x08004528                exit
 .text.__libc_init_array
                0x08004548       0x48 c:/program files (x86)/gnu arm embedded toolchain/10 2020-q4-major/bin/../lib/gcc/arm-none-eabi/10.2.1/../../../../arm-none-eabi/lib/thumb/v7e-m+fp/hard\libc.a(lib_a-init.o)
                0x08004548                __libc_init_array
 .text          0x08004590      0x134 c:/program files (x86)/gnu arm embedded toolchain/10 2020-q4-major/bin/../lib/gcc/arm-none-eabi/10.2.1/../../../../arm-none-eabi/lib/thumb/v7e-m+fp/hard\libc.a(lib_a-memcpy.o)
                0x08004590                memcpy
 .text.memset   0x080046c4       0xa4 c:/program files (x86)/gnu arm embedded toolchain/10 2020-q4-major/bin/../lib/gcc/arm-none-eabi/10.2.1/../../../../arm-none-eabi/lib/thumb/v7e-m+fp/hard\libc.a(lib_a-memset.o)
                0x080046c4                memset
 .text.sprintf  0x08004768       0x40 c:/program files (x86)/gnu arm embedded toolchain/10 2020-q4-major/bin/../lib/gcc/arm-none-eabi/10.2.1/../../../../arm-none-eabi/lib/thumb/v7e-m+fp/hard\libc.a(lib_a-sprintf.o)
                0x08004768                sprintf
 .text.strcpy   0x080047a8       0xbc c:/program files (x86)/gnu arm embedded toolchain/10 2020-q4-major/bin/../lib/gcc/arm-none-eabi/10.2.1/../../../../arm-none-eabi/lib/thumb/v7e-m+fp/hard\libc.a(lib_a-strcpy.o)
                0x080047a8                strcpy
 *fill*         0x08004864       0x1c 
 .text          0x08004880       0xdc c:/program files (x86)/gnu arm embedded toolchain/10 2020-q4-major/bin/../lib/gcc/arm-none-eabi/10.2.1/../../../../arm-none-eabi/lib/thumb/v7e-m+fp/hard\libc.a(lib_a-strlen.o)
                0x08004880                strlen
 *fill*         0x0800495c        0x4 
 .text._svfprintf_r
                0x08004960     0x1adc c:/program files (x86)/gnu arm embedded toolchain/10 2020-q4-major/bin/../lib/gcc/arm-none-eabi/10.2.1/../../../../arm-none-eabi/lib/thumb/v7e-m+fp/hard\libc.a(lib_a-svfprintf.o)
                0x08004960                _svfprintf_r
 .text.__swsetup_r
                0x0800643c       0xd4 c:/program files (x86)/gnu arm embedded toolchain/10 2020-q4-major/bin/../lib/gcc/arm-none-eabi/10.2.1/../../../../arm-none-eabi/lib/thumb/v7e-m+fp/hard\libc.a(lib_a-wsetup.o)
                0x0800643c                __swsetup_r
 .text.startup.register_fini
                0x08006510       0x14 c:/program files (x86)/gnu arm embedded toolchain/10 2020-q4-major/bin/../lib/gcc/arm-none-eabi/10.2.1/../../../../arm-none-eabi/lib/thumb/v7e-m+fp/hard\libc.a(lib_a-__call_atexit.o)
 .text.__call_exitprocs
                0x08006524       0xcc c:/program files (x86)/gnu arm embedded toolchain/10 2020-q4-major/bin/../lib/gcc/arm-none-eabi/10.2.1/../../../../arm-none-eabi/lib/thumb/v7e-m+fp/hard\libc.a(lib_a-__call_atexit.o)
                0x08006524                __call_exitprocs
 .text.atexit   0x080065f0        0xc c:/program files (x86)/gnu arm embedded toolchain/10 2020-q4-major/bin/../lib/gcc/arm-none-eabi/10.2.1/../../../../arm-none-eabi/lib/thumb/v7e-m+fp/hard\libc.a(lib_a-atexit.o)
                0x080065f0                atexit
 .text.quorem   0x080065fc      0x128 c:/program files (x86)/gnu arm embedded toolchain/10 2020-q4-major/bin/../lib/gcc/arm-none-eabi/10.2.1/../../../../arm-none-eabi/lib/thumb/v7e-m+fp/hard\libc.a(lib_a-dtoa.o)
 *fill*         0x08006724        0x4 
 .text._dtoa_r  0x08006728      0xf40 c:/program files (x86)/gnu arm embedded toolchain/10 2020-q4-major/bin/../lib/gcc/arm-none-eabi/10.2.1/../../../../arm-none-eabi/lib/thumb/v7e-m+fp/hard\libc.a(lib_a-dtoa.o)
                0x08006728                _dtoa_r
 .text.__sflush_r
                0x08007668      0x130 c:/program files (x86)/gnu arm embedded toolchain/10 2020-q4-major/bin/../lib/gcc/arm-none-eabi/10.2.1/../../../../arm-none-eabi/lib/thumb/v7e-m+fp/hard\libc.a(lib_a-fflush.o)
                0x08007668                __sflush_r
 .text._fflush_r
                0x08007798       0x5c c:/program files (x86)/gnu arm embedded toolchain/10 2020-q4-major/bin/../lib/gcc/arm-none-eabi/10.2.1/../../../../arm-none-eabi/lib/thumb/v7e-m+fp/hard\libc.a(lib_a-fflush.o)
                0x08007798                _fflush_r
 .text._cleanup_r
                0x080077f4        0xc c:/program files (x86)/gnu arm embedded toolchain/10 2020-q4-major/bin/../lib/gcc/arm-none-eabi/10.2.1/../../../../arm-none-eabi/lib/thumb/v7e-m+fp/hard\libc.a(lib_a-findfp.o)
                0x080077f4                _cleanup_r
 .text.__sinit  0x08007800      0x10c c:/program files (x86)/gnu arm embedded toolchain/10 2020-q4-major/bin/../lib/gcc/arm-none-eabi/10.2.1/../../../../arm-none-eabi/lib/thumb/v7e-m+fp/hard\libc.a(lib_a-findfp.o)
                0x08007800                __sinit
 .text.__sfp_lock_acquire
                0x0800790c        0xc c:/program files (x86)/gnu arm embedded toolchain/10 2020-q4-major/bin/../lib/gcc/arm-none-eabi/10.2.1/../../../../arm-none-eabi/lib/thumb/v7e-m+fp/hard\libc.a(lib_a-findfp.o)
                0x0800790c                __sfp_lock_acquire
 .text.__sfp_lock_release
                0x08007918        0xc c:/program files (x86)/gnu arm embedded toolchain/10 2020-q4-major/bin/../lib/gcc/arm-none-eabi/10.2.1/../../../../arm-none-eabi/lib/thumb/v7e-m+fp/hard\libc.a(lib_a-findfp.o)
                0x08007918                __sfp_lock_release
 .text.__libc_fini_array
                0x08007924       0x2c c:/program files (x86)/gnu arm embedded toolchain/10 2020-q4-major/bin/../lib/gcc/arm-none-eabi/10.2.1/../../../../arm-none-eabi/lib/thumb/v7e-m+fp/hard\libc.a(lib_a-fini.o)
                0x08007924                __libc_fini_array
 .text._malloc_trim_r
                0x08007950       0xa0 c:/program files (x86)/gnu arm embedded toolchain/10 2020-q4-major/bin/../lib/gcc/arm-none-eabi/10.2.1/../../../../arm-none-eabi/lib/thumb/v7e-m+fp/hard\libc.a(lib_a-freer.o)
                0x08007950                _malloc_trim_r
 .text._free_r  0x080079f0      0x20c c:/program files (x86)/gnu arm embedded toolchain/10 2020-q4-major/bin/../lib/gcc/arm-none-eabi/10.2.1/../../../../arm-none-eabi/lib/thumb/v7e-m+fp/hard\libc.a(lib_a-freer.o)
                0x080079f0                _free_r
 .text._fwalk_reent
                0x08007bfc       0x48 c:/program files (x86)/gnu arm embedded toolchain/10 2020-q4-major/bin/../lib/gcc/arm-none-eabi/10.2.1/../../../../arm-none-eabi/lib/thumb/v7e-m+fp/hard\libc.a(lib_a-fwalk.o)
                0x08007bfc                _fwalk_reent
 .text._localeconv_r
                0x08007c44        0x8 c:/program files (x86)/gnu arm embedded toolchain/10 2020-q4-major/bin/../lib/gcc/arm-none-eabi/10.2.1/../../../../arm-none-eabi/lib/thumb/v7e-m+fp/hard\libc.a(lib_a-localeconv.o)
                0x08007c44                _localeconv_r
 .text.__retarget_lock_init_recursive
                0x08007c4c        0x4 c:/program files (x86)/gnu arm embedded toolchain/10 2020-q4-major/bin/../lib/gcc/arm-none-eabi/10.2.1/../../../../arm-none-eabi/lib/thumb/v7e-m+fp/hard\libc.a(lib_a-lock.o)
                0x08007c4c                __retarget_lock_init_recursive
 .text.__retarget_lock_close_recursive
                0x08007c50        0x4 c:/program files (x86)/gnu arm embedded toolchain/10 2020-q4-major/bin/../lib/gcc/arm-none-eabi/10.2.1/../../../../arm-none-eabi/lib/thumb/v7e-m+fp/hard\libc.a(lib_a-lock.o)
                0x08007c50                __retarget_lock_close_recursive
 .text.__retarget_lock_acquire_recursive
                0x08007c54        0x4 c:/program files (x86)/gnu arm embedded toolchain/10 2020-q4-major/bin/../lib/gcc/arm-none-eabi/10.2.1/../../../../arm-none-eabi/lib/thumb/v7e-m+fp/hard\libc.a(lib_a-lock.o)
                0x08007c54                __retarget_lock_acquire_recursive
 .text.__retarget_lock_release_recursive
                0x08007c58        0x4 c:/program files (x86)/gnu arm embedded toolchain/10 2020-q4-major/bin/../lib/gcc/arm-none-eabi/10.2.1/../../../../arm-none-eabi/lib/thumb/v7e-m+fp/hard\libc.a(lib_a-lock.o)
                0x08007c58                __retarget_lock_release_recursive
 .text.__smakebuf_r
                0x08007c5c       0xe0 c:/program files (x86)/gnu arm embedded toolchain/10 2020-q4-major/bin/../lib/gcc/arm-none-eabi/10.2.1/../../../../arm-none-eabi/lib/thumb/v7e-m+fp/hard\libc.a(lib_a-makebuf.o)
                0x08007c5c                __smakebuf_r
 .text._malloc_r
                0x08007d3c      0x560 c:/program files (x86)/gnu arm embedded toolchain/10 2020-q4-major/bin/../lib/gcc/arm-none-eabi/10.2.1/../../../../arm-none-eabi/lib/thumb/v7e-m+fp/hard\libc.a(lib_a-mallocr.o)
                0x08007d3c                _malloc_r
 *fill*         0x0800829c        0x4 
 .text          0x080082a0       0xa0 c:/program files (x86)/gnu arm embedded toolchain/10 2020-q4-major/bin/../lib/gcc/arm-none-eabi/10.2.1/../../../../arm-none-eabi/lib/thumb/v7e-m+fp/hard\libc.a(lib_a-memchr.o)
                0x080082a0                memchr
 .text.__malloc_lock
                0x08008340        0xc c:/program files (x86)/gnu arm embedded toolchain/10 2020-q4-major/bin/../lib/gcc/arm-none-eabi/10.2.1/../../../../arm-none-eabi/lib/thumb/v7e-m+fp/hard\libc.a(lib_a-mlock.o)
                0x08008340                __malloc_lock
 .text.__malloc_unlock
                0x0800834c        0xc c:/program files (x86)/gnu arm embedded toolchain/10 2020-q4-major/bin/../lib/gcc/arm-none-eabi/10.2.1/../../../../arm-none-eabi/lib/thumb/v7e-m+fp/hard\libc.a(lib_a-mlock.o)
                0x0800834c                __malloc_unlock
 .text._Balloc  0x08008358       0x4c c:/program files (x86)/gnu arm embedded toolchain/10 2020-q4-major/bin/../lib/gcc/arm-none-eabi/10.2.1/../../../../arm-none-eabi/lib/thumb/v7e-m+fp/hard\libc.a(lib_a-mprec.o)
                0x08008358                _Balloc
 .text._Bfree   0x080083a4       0x14 c:/program files (x86)/gnu arm embedded toolchain/10 2020-q4-major/bin/../lib/gcc/arm-none-eabi/10.2.1/../../../../arm-none-eabi/lib/thumb/v7e-m+fp/hard\libc.a(lib_a-mprec.o)
                0x080083a4                _Bfree
 .text.__multadd
                0x080083b8       0xa8 c:/program files (x86)/gnu arm embedded toolchain/10 2020-q4-major/bin/../lib/gcc/arm-none-eabi/10.2.1/../../../../arm-none-eabi/lib/thumb/v7e-m+fp/hard\libc.a(lib_a-mprec.o)
                0x080083b8                __multadd
 .text.__hi0bits
                0x08008460       0x40 c:/program files (x86)/gnu arm embedded toolchain/10 2020-q4-major/bin/../lib/gcc/arm-none-eabi/10.2.1/../../../../arm-none-eabi/lib/thumb/v7e-m+fp/hard\libc.a(lib_a-mprec.o)
                0x08008460                __hi0bits
 .text.__lo0bits
                0x080084a0       0x60 c:/program files (x86)/gnu arm embedded toolchain/10 2020-q4-major/bin/../lib/gcc/arm-none-eabi/10.2.1/../../../../arm-none-eabi/lib/thumb/v7e-m+fp/hard\libc.a(lib_a-mprec.o)
                0x080084a0                __lo0bits
 .text.__i2b    0x08008500       0x5c c:/program files (x86)/gnu arm embedded toolchain/10 2020-q4-major/bin/../lib/gcc/arm-none-eabi/10.2.1/../../../../arm-none-eabi/lib/thumb/v7e-m+fp/hard\libc.a(lib_a-mprec.o)
                0x08008500                __i2b
 .text.__multiply
                0x0800855c      0x158 c:/program files (x86)/gnu arm embedded toolchain/10 2020-q4-major/bin/../lib/gcc/arm-none-eabi/10.2.1/../../../../arm-none-eabi/lib/thumb/v7e-m+fp/hard\libc.a(lib_a-mprec.o)
                0x0800855c                __multiply
 .text.__pow5mult
                0x080086b4       0xc0 c:/program files (x86)/gnu arm embedded toolchain/10 2020-q4-major/bin/../lib/gcc/arm-none-eabi/10.2.1/../../../../arm-none-eabi/lib/thumb/v7e-m+fp/hard\libc.a(lib_a-mprec.o)
                0x080086b4                __pow5mult
 .text.__lshift
                0x08008774       0xf0 c:/program files (x86)/gnu arm embedded toolchain/10 2020-q4-major/bin/../lib/gcc/arm-none-eabi/10.2.1/../../../../arm-none-eabi/lib/thumb/v7e-m+fp/hard\libc.a(lib_a-mprec.o)
                0x08008774                __lshift
 .text.__mcmp   0x08008864       0x44 c:/program files (x86)/gnu arm embedded toolchain/10 2020-q4-major/bin/../lib/gcc/arm-none-eabi/10.2.1/../../../../arm-none-eabi/lib/thumb/v7e-m+fp/hard\libc.a(lib_a-mprec.o)
                0x08008864                __mcmp
 .text.__mdiff  0x080088a8      0x14c c:/program files (x86)/gnu arm embedded toolchain/10 2020-q4-major/bin/../lib/gcc/arm-none-eabi/10.2.1/../../../../arm-none-eabi/lib/thumb/v7e-m+fp/hard\libc.a(lib_a-mprec.o)
                0x080088a8                __mdiff
 .text.__d2b    0x080089f4       0xd0 c:/program files (x86)/gnu arm embedded toolchain/10 2020-q4-major/bin/../lib/gcc/arm-none-eabi/10.2.1/../../../../arm-none-eabi/lib/thumb/v7e-m+fp/hard\libc.a(lib_a-mprec.o)
                0x080089f4                __d2b
 .text.frexp    0x08008ac4       0x6c c:/program files (x86)/gnu arm embedded toolchain/10 2020-q4-major/bin/../lib/gcc/arm-none-eabi/10.2.1/../../../../arm-none-eabi/lib/thumb/v7e-m+fp/hard\libc.a(lib_a-s_frexp.o)
                0x08008ac4                frexp
 .text._sbrk_r  0x08008b30       0x24 c:/program files (x86)/gnu arm embedded toolchain/10 2020-q4-major/bin/../lib/gcc/arm-none-eabi/10.2.1/../../../../arm-none-eabi/lib/thumb/v7e-m+fp/hard\libc.a(lib_a-sbrkr.o)
                0x08008b30                _sbrk_r
 .text.__sread  0x08008b54       0x24 c:/program files (x86)/gnu arm embedded toolchain/10 2020-q4-major/bin/../lib/gcc/arm-none-eabi/10.2.1/../../../../arm-none-eabi/lib/thumb/v7e-m+fp/hard\libc.a(lib_a-stdio.o)
                0x08008b54                __sread
 .text.__swrite
                0x08008b78       0x40 c:/program files (x86)/gnu arm embedded toolchain/10 2020-q4-major/bin/../lib/gcc/arm-none-eabi/10.2.1/../../../../arm-none-eabi/lib/thumb/v7e-m+fp/hard\libc.a(lib_a-stdio.o)
                0x08008b78                __swrite
 .text.__sseek  0x08008bb8       0x20 c:/program files (x86)/gnu arm embedded toolchain/10 2020-q4-major/bin/../lib/gcc/arm-none-eabi/10.2.1/../../../../arm-none-eabi/lib/thumb/v7e-m+fp/hard\libc.a(lib_a-stdio.o)
                0x08008bb8                __sseek
 .text.__sclose
                0x08008bd8        0x8 c:/program files (x86)/gnu arm embedded toolchain/10 2020-q4-major/bin/../lib/gcc/arm-none-eabi/10.2.1/../../../../arm-none-eabi/lib/thumb/v7e-m+fp/hard\libc.a(lib_a-stdio.o)
                0x08008bd8                __sclose
 .text.strncpy  0x08008be0       0x64 c:/program files (x86)/gnu arm embedded toolchain/10 2020-q4-major/bin/../lib/gcc/arm-none-eabi/10.2.1/../../../../arm-none-eabi/lib/thumb/v7e-m+fp/hard\libc.a(lib_a-strncpy.o)
                0x08008be0                strncpy
 .text.__ssprint_r
                0x08008c44       0xf8 c:/program files (x86)/gnu arm embedded toolchain/10 2020-q4-major/bin/../lib/gcc/arm-none-eabi/10.2.1/../../../../arm-none-eabi/lib/thumb/v7e-m+fp/hard\libc.a(lib_a-svfiprintf.o)
                0x08008c44                __ssprint_r
 .text.__sprint_r.part.0
                0x08008d3c       0x78 c:/program files (x86)/gnu arm embedded toolchain/10 2020-q4-major/bin/../lib/gcc/arm-none-eabi/10.2.1/../../../../arm-none-eabi/lib/thumb/v7e-m+fp/hard\libc.a(lib_a-vfiprintf.o)
 .text._vfiprintf_r
                0x08008db4      0xdf4 c:/program files (x86)/gnu arm embedded toolchain/10 2020-q4-major/bin/../lib/gcc/arm-none-eabi/10.2.1/../../../../arm-none-eabi/lib/thumb/v7e-m+fp/hard\libc.a(lib_a-vfiprintf.o)
                0x08008db4                _vfiprintf_r
 .text.__sbprintf
                0x08009ba8       0x80 c:/program files (x86)/gnu arm embedded toolchain/10 2020-q4-major/bin/../lib/gcc/arm-none-eabi/10.2.1/../../../../arm-none-eabi/lib/thumb/v7e-m+fp/hard\libc.a(lib_a-vfiprintf.o)
 .text._write_r
                0x08009c28       0x2c c:/program files (x86)/gnu arm embedded toolchain/10 2020-q4-major/bin/../lib/gcc/arm-none-eabi/10.2.1/../../../../arm-none-eabi/lib/thumb/v7e-m+fp/hard\libc.a(lib_a-writer.o)
                0x08009c28                _write_r
 .text.__register_exitproc
                0x08009c54       0x8c c:/program files (x86)/gnu arm embedded toolchain/10 2020-q4-major/bin/../lib/gcc/arm-none-eabi/10.2.1/../../../../arm-none-eabi/lib/thumb/v7e-m+fp/hard\libc.a(lib_a-__atexit.o)
                0x08009c54                __register_exitproc
 .text.__assert_func
                0x08009ce0       0x40 c:/program files (x86)/gnu arm embedded toolchain/10 2020-q4-major/bin/../lib/gcc/arm-none-eabi/10.2.1/../../../../arm-none-eabi/lib/thumb/v7e-m+fp/hard\libc.a(lib_a-assert.o)
                0x08009ce0                __assert_func
 .text._calloc_r
                0x08009d20       0x60 c:/program files (x86)/gnu arm embedded toolchain/10 2020-q4-major/bin/../lib/gcc/arm-none-eabi/10.2.1/../../../../arm-none-eabi/lib/thumb/v7e-m+fp/hard\libc.a(lib_a-callocr.o)
                0x08009d20                _calloc_r
 .text._close_r
                0x08009d80       0x24 c:/program files (x86)/gnu arm embedded toolchain/10 2020-q4-major/bin/../lib/gcc/arm-none-eabi/10.2.1/../../../../arm-none-eabi/lib/thumb/v7e-m+fp/hard\libc.a(lib_a-closer.o)
                0x08009d80                _close_r
 .text._fclose_r
                0x08009da4       0xcc c:/program files (x86)/gnu arm embedded toolchain/10 2020-q4-major/bin/../lib/gcc/arm-none-eabi/10.2.1/../../../../arm-none-eabi/lib/thumb/v7e-m+fp/hard\libc.a(lib_a-fclose.o)
                0x08009da4                _fclose_r
 .text.fiprintf
                0x08009e70       0x28 c:/program files (x86)/gnu arm embedded toolchain/10 2020-q4-major/bin/../lib/gcc/arm-none-eabi/10.2.1/../../../../arm-none-eabi/lib/thumb/v7e-m+fp/hard\libc.a(lib_a-fiprintf.o)
                0x08009e70                fiprintf
 .text.__fputwc
                0x08009e98       0xa8 c:/program files (x86)/gnu arm embedded toolchain/10 2020-q4-major/bin/../lib/gcc/arm-none-eabi/10.2.1/../../../../arm-none-eabi/lib/thumb/v7e-m+fp/hard\libc.a(lib_a-fputwc.o)
                0x08009e98                __fputwc
 .text._fputwc_r
                0x08009f40       0x68 c:/program files (x86)/gnu arm embedded toolchain/10 2020-q4-major/bin/../lib/gcc/arm-none-eabi/10.2.1/../../../../arm-none-eabi/lib/thumb/v7e-m+fp/hard\libc.a(lib_a-fputwc.o)
                0x08009f40                _fputwc_r
 .text._fstat_r
                0x08009fa8       0x2c c:/program files (x86)/gnu arm embedded toolchain/10 2020-q4-major/bin/../lib/gcc/arm-none-eabi/10.2.1/../../../../arm-none-eabi/lib/thumb/v7e-m+fp/hard\libc.a(lib_a-fstatr.o)
                0x08009fa8                _fstat_r
 .text.__sfvwrite_r
                0x08009fd4      0x2f0 c:/program files (x86)/gnu arm embedded toolchain/10 2020-q4-major/bin/../lib/gcc/arm-none-eabi/10.2.1/../../../../arm-none-eabi/lib/thumb/v7e-m+fp/hard\libc.a(lib_a-fvwrite.o)
                0x08009fd4                __sfvwrite_r
 .text._isatty_r
                0x0800a2c4       0x24 c:/program files (x86)/gnu arm embedded toolchain/10 2020-q4-major/bin/../lib/gcc/arm-none-eabi/10.2.1/../../../../arm-none-eabi/lib/thumb/v7e-m+fp/hard\libc.a(lib_a-isattyr.o)
                0x0800a2c4                _isatty_r
 .text.__locale_mb_cur_max
                0x0800a2e8        0xc c:/program files (x86)/gnu arm embedded toolchain/10 2020-q4-major/bin/../lib/gcc/arm-none-eabi/10.2.1/../../../../arm-none-eabi/lib/thumb/v7e-m+fp/hard\libc.a(lib_a-locale.o)
                0x0800a2e8                __locale_mb_cur_max
 .text._lseek_r
                0x0800a2f4       0x2c c:/program files (x86)/gnu arm embedded toolchain/10 2020-q4-major/bin/../lib/gcc/arm-none-eabi/10.2.1/../../../../arm-none-eabi/lib/thumb/v7e-m+fp/hard\libc.a(lib_a-lseekr.o)
                0x0800a2f4                _lseek_r
 .text.__ascii_mbtowc
                0x0800a320       0x2c c:/program files (x86)/gnu arm embedded toolchain/10 2020-q4-major/bin/../lib/gcc/arm-none-eabi/10.2.1/../../../../arm-none-eabi/lib/thumb/v7e-m+fp/hard\libc.a(lib_a-mbtowc_r.o)
                0x0800a320                __ascii_mbtowc
 .text.memmove  0x0800a34c       0xf8 c:/program files (x86)/gnu arm embedded toolchain/10 2020-q4-major/bin/../lib/gcc/arm-none-eabi/10.2.1/../../../../arm-none-eabi/lib/thumb/v7e-m+fp/hard\libc.a(lib_a-memmove.o)
                0x0800a34c                memmove
 .text._read_r  0x0800a444       0x2c c:/program files (x86)/gnu arm embedded toolchain/10 2020-q4-major/bin/../lib/gcc/arm-none-eabi/10.2.1/../../../../arm-none-eabi/lib/thumb/v7e-m+fp/hard\libc.a(lib_a-readr.o)
                0x0800a444                _read_r
 .text._realloc_r
                0x0800a470      0x3d8 c:/program files (x86)/gnu arm embedded toolchain/10 2020-q4-major/bin/../lib/gcc/arm-none-eabi/10.2.1/../../../../arm-none-eabi/lib/thumb/v7e-m+fp/hard\libc.a(lib_a-reallocr.o)
                0x0800a470                _realloc_r
 .text.__swbuf_r
                0x0800a848       0xb0 c:/program files (x86)/gnu arm embedded toolchain/10 2020-q4-major/bin/../lib/gcc/arm-none-eabi/10.2.1/../../../../arm-none-eabi/lib/thumb/v7e-m+fp/hard\libc.a(lib_a-wbuf.o)
                0x0800a848                __swbuf_r
 .text._wcrtomb_r
                0x0800a8f8       0x3c c:/program files (x86)/gnu arm embedded toolchain/10 2020-q4-major/bin/../lib/gcc/arm-none-eabi/10.2.1/../../../../arm-none-eabi/lib/thumb/v7e-m+fp/hard\libc.a(lib_a-wcrtomb.o)
                0x0800a8f8                _wcrtomb_r
 .text.__ascii_wctomb
                0x0800a934       0x1c c:/program files (x86)/gnu arm embedded toolchain/10 2020-q4-major/bin/../lib/gcc/arm-none-eabi/10.2.1/../../../../arm-none-eabi/lib/thumb/v7e-m+fp/hard\libc.a(lib_a-wctomb_r.o)
                0x0800a934                __ascii_wctomb
 .text.abort    0x0800a950       0x10 c:/program files (x86)/gnu arm embedded toolchain/10 2020-q4-major/bin/../lib/gcc/arm-none-eabi/10.2.1/../../../../arm-none-eabi/lib/thumb/v7e-m+fp/hard\libc.a(lib_a-abort.o)
                0x0800a950                abort
 .text.raise    0x0800a960       0x5c c:/program files (x86)/gnu arm embedded toolchain/10 2020-q4-major/bin/../lib/gcc/arm-none-eabi/10.2.1/../../../../arm-none-eabi/lib/thumb/v7e-m+fp/hard\libc.a(lib_a-signal.o)
                0x0800a960                raise
 .text._kill_r  0x0800a9bc       0x2c c:/program files (x86)/gnu arm embedded toolchain/10 2020-q4-major/bin/../lib/gcc/arm-none-eabi/10.2.1/../../../../arm-none-eabi/lib/thumb/v7e-m+fp/hard\libc.a(lib_a-signalr.o)
                0x0800a9bc                _kill_r
 .text._getpid_r
                0x0800a9e8        0x4 c:/program files (x86)/gnu arm embedded toolchain/10 2020-q4-major/bin/../lib/gcc/arm-none-eabi/10.2.1/../../../../arm-none-eabi/lib/thumb/v7e-m+fp/hard\libc.a(lib_a-signalr.o)
                0x0800a9e8                _getpid_r
 .text._close   0x0800a9ec       0x10 c:/program files (x86)/gnu arm embedded toolchain/10 2020-q4-major/bin/../lib/gcc/arm-none-eabi/10.2.1/../../../../arm-none-eabi/lib/thumb/v7e-m+fp/hard\libnosys.a(close.o)
                0x0800a9ec                _close
 .text._fstat   0x0800a9fc       0x10 c:/program files (x86)/gnu arm embedded toolchain/10 2020-q4-major/bin/../lib/gcc/arm-none-eabi/10.2.1/../../../../arm-none-eabi/lib/thumb/v7e-m+fp/hard\libnosys.a(fstat.o)
                0x0800a9fc                _fstat
 .text._getpid  0x0800aa0c       0x10 c:/program files (x86)/gnu arm embedded toolchain/10 2020-q4-major/bin/../lib/gcc/arm-none-eabi/10.2.1/../../../../arm-none-eabi/lib/thumb/v7e-m+fp/hard\libnosys.a(getpid.o)
                0x0800aa0c                _getpid
 .text._isatty  0x0800aa1c       0x10 c:/program files (x86)/gnu arm embedded toolchain/10 2020-q4-major/bin/../lib/gcc/arm-none-eabi/10.2.1/../../../../arm-none-eabi/lib/thumb/v7e-m+fp/hard\libnosys.a(isatty.o)
                0x0800aa1c                _isatty
 .text._kill    0x0800aa2c       0x10 c:/program files (x86)/gnu arm embedded toolchain/10 2020-q4-major/bin/../lib/gcc/arm-none-eabi/10.2.1/../../../../arm-none-eabi/lib/thumb/v7e-m+fp/hard\libnosys.a(kill.o)
                0x0800aa2c                _kill
 .text._lseek   0x0800aa3c       0x10 c:/program files (x86)/gnu arm embedded toolchain/10 2020-q4-major/bin/../lib/gcc/arm-none-eabi/10.2.1/../../../../arm-none-eabi/lib/thumb/v7e-m+fp/hard\libnosys.a(lseek.o)
                0x0800aa3c                _lseek
 .text._read    0x0800aa4c       0x10 c:/program files (x86)/gnu arm embedded toolchain/10 2020-q4-major/bin/../lib/gcc/arm-none-eabi/10.2.1/../../../../arm-none-eabi/lib/thumb/v7e-m+fp/hard\libnosys.a(read.o)
                0x0800aa4c                _read
 .text._sbrk    0x0800aa5c       0x1c c:/program files (x86)/gnu arm embedded toolchain/10 2020-q4-major/bin/../lib/gcc/arm-none-eabi/10.2.1/../../../../arm-none-eabi/lib/thumb/v7e-m+fp/hard\libnosys.a(sbrk.o)
                0x0800aa5c                _sbrk
 .text._exit    0x0800aa78        0x4 c:/program files (x86)/gnu arm embedded toolchain/10 2020-q4-major/bin/../lib/gcc/arm-none-eabi/10.2.1/../../../../arm-none-eabi/lib/thumb/v7e-m+fp/hard\libnosys.a(_exit.o)
                0x0800aa78                _exit
 .text          0x0800aa7c      0x378 c:/program files (x86)/gnu arm embedded toolchain/10 2020-q4-major/bin/../lib/gcc/arm-none-eabi/10.2.1/thumb/v7e-m+fp/hard\libgcc.a(_arm_addsubdf3.o)
                0x0800aa7c                __aeabi_drsub
                0x0800aa84                __aeabi_dsub
                0x0800aa84                __subdf3
                0x0800aa88                __aeabi_dadd
                0x0800aa88                __adddf3
                0x0800ad00                __floatunsidf
                0x0800ad00                __aeabi_ui2d
                0x0800ad20                __floatsidf
                0x0800ad20                __aeabi_i2d
                0x0800ad44                __aeabi_f2d
                0x0800ad44                __extendsfdf2
                0x0800ad88                __floatundidf
                0x0800ad88                __aeabi_ul2d
                0x0800ad98                __floatdidf
                0x0800ad98                __aeabi_l2d
 .text          0x0800adf4      0x424 c:/program files (x86)/gnu arm embedded toolchain/10 2020-q4-major/bin/../lib/gcc/arm-none-eabi/10.2.1/thumb/v7e-m+fp/hard\libgcc.a(_arm_muldivdf3.o)
                0x0800adf4                __aeabi_dmul
                0x0800adf4                __muldf3
                0x0800b048                __divdf3
                0x0800b048                __aeabi_ddiv
 .text          0x0800b218      0x110 c:/program files (x86)/gnu arm embedded toolchain/10 2020-q4-major/bin/../lib/gcc/arm-none-eabi/10.2.1/thumb/v7e-m+fp/hard\libgcc.a(_arm_cmpdf2.o)
                0x0800b218                __gtdf2
                0x0800b218                __gedf2
                0x0800b220                __ltdf2
                0x0800b220                __ledf2
                0x0800b228                __nedf2
                0x0800b228                __eqdf2
                0x0800b228                __cmpdf2
                0x0800b2a4                __aeabi_cdrcmple
                0x0800b2b4                __aeabi_cdcmpeq
                0x0800b2b4                __aeabi_cdcmple
                0x0800b2c4                __aeabi_dcmpeq
                0x0800b2d8                __aeabi_dcmplt
                0x0800b2ec                __aeabi_dcmple
                0x0800b300                __aeabi_dcmpge
                0x0800b314                __aeabi_dcmpgt
 .text          0x0800b328       0x2c c:/program files (x86)/gnu arm embedded toolchain/10 2020-q4-major/bin/../lib/gcc/arm-none-eabi/10.2.1/thumb/v7e-m+fp/hard\libgcc.a(_arm_unorddf2.o)
                0x0800b328                __unorddf2
                0x0800b328                __aeabi_dcmpun
 .text          0x0800b354       0x50 c:/program files (x86)/gnu arm embedded toolchain/10 2020-q4-major/bin/../lib/gcc/arm-none-eabi/10.2.1/thumb/v7e-m+fp/hard\libgcc.a(_arm_fixdfsi.o)
                0x0800b354                __aeabi_d2iz
                0x0800b354                __fixdfsi
 .text          0x0800b3a4       0x30 c:/program files (x86)/gnu arm embedded toolchain/10 2020-q4-major/bin/../lib/gcc/arm-none-eabi/10.2.1/thumb/v7e-m+fp/hard\libgcc.a(_aeabi_uldivmod.o)
                0x0800b3a4                __aeabi_uldivmod
 .text          0x0800b3d4      0x2d0 c:/program files (x86)/gnu arm embedded toolchain/10 2020-q4-major/bin/../lib/gcc/arm-none-eabi/10.2.1/thumb/v7e-m+fp/hard\libgcc.a(_udivmoddi4.o)
                0x0800b3d4                __udivmoddi4
 .text          0x0800b6a4        0x4 c:/program files (x86)/gnu arm embedded toolchain/10 2020-q4-major/bin/../lib/gcc/arm-none-eabi/10.2.1/thumb/v7e-m+fp/hard\libgcc.a(_dvmd_tls.o)
                0x0800b6a4                __aeabi_idiv0
                0x0800b6a4                __aeabi_ldiv0
 *(.init)
 .init          0x0800b6a8        0x4 c:/program files (x86)/gnu arm embedded toolchain/10 2020-q4-major/bin/../lib/gcc/arm-none-eabi/10.2.1/thumb/v7e-m+fp/hard/crti.o
                0x0800b6a8                _init
 .init          0x0800b6ac        0x8 c:/program files (x86)/gnu arm embedded toolchain/10 2020-q4-major/bin/../lib/gcc/arm-none-eabi/10.2.1/thumb/v7e-m+fp/hard/crtn.o
 *(.fini)
 .fini          0x0800b6b4        0x4 c:/program files (x86)/gnu arm embedded toolchain/10 2020-q4-major/bin/../lib/gcc/arm-none-eabi/10.2.1/thumb/v7e-m+fp/hard/crti.o
                0x0800b6b4                _fini
 .fini          0x0800b6b8        0x8 c:/program files (x86)/gnu arm embedded toolchain/10 2020-q4-major/bin/../lib/gcc/arm-none-eabi/10.2.1/thumb/v7e-m+fp/hard/crtn.o
 *crtbegin.o(.ctors)
 *crtbegin?.o(.ctors)
 *(EXCLUDE_FILE(*crtend.o *crtend?.o) .ctors)
 *(SORT_BY_NAME(.ctors.*))
 *(.ctors)
 *crtbegin.o(.dtors)
 *crtbegin?.o(.dtors)
 *(EXCLUDE_FILE(*crtend.o *crtend?.o) .dtors)
 *(SORT_BY_NAME(.dtors.*))
 *(.dtors)
 *(.rodata*)
 .rodata        0x0800b6c0       0x74 obj/Lab11E-Main-c.o
 .rodata.DisplayHeader.str1.1
                0x0800b734       0x27 library.a(initialize.o)
 .rodata._write.str1.1
                0x0800b75b       0x27 library.a(initialize.o)
                                  0x1 (size before relaxing)
 .rodata.Font12_Table
                0x0800b75b      0x474 library.a(stm32f429i_discovery_lcd.o)
                0x0800b75b                Font12_Table
 .rodata.Font16_Table
                0x0800bbcf      0xbe0 library.a(stm32f429i_discovery_lcd.o)
                0x0800bbcf                Font16_Table
 .rodata.Font24_Table
                0x0800c7af     0x1ab8 library.a(stm32f429i_discovery_lcd.o)
                0x0800c7af                Font24_Table
 .rodata.APBAHBPrescTable
                0x0800e267       0x10 library.a(stm32f4xx_hal_rcc.o)
                0x0800e267                APBAHBPrescTable
 .rodata.SVC_Label.str1.1
                0x0800e277        0xe library.a(svcHandler.o)
 .rodata._MemManageHandler.str1.1
                0x0800e285       0x10 library.a(svcHandler.o)
 .rodata._BusFault_Handler.str1.1
                0x0800e295        0xb library.a(svcHandler.o)
 .rodata._HardFault_Handler.str1.1
                0x0800e2a0        0xc library.a(svcHandler.o)
 .rodata._UsageFault_Handler.str1.1
                0x0800e2ac       0x3f library.a(svcHandler.o)
 .rodata.SVC_Exception.str1.1
                0x0800e2eb       0x15 library.a(svcHandler.o)
 .rodata.str1.1
                0x0800e300      0x2b6 library.a(svcHandler.o)
 *fill*         0x0800e5b6        0x2 
 .rodata._global_impure_ptr
                0x0800e5b8        0x4 c:/program files (x86)/gnu arm embedded toolchain/10 2020-q4-major/bin/../lib/gcc/arm-none-eabi/10.2.1/../../../../arm-none-eabi/lib/thumb/v7e-m+fp/hard\libc.a(lib_a-impure.o)
                0x0800e5b8                _global_impure_ptr
 .rodata._svfprintf_r.str1.4
                0x0800e5bc       0x42 c:/program files (x86)/gnu arm embedded toolchain/10 2020-q4-major/bin/../lib/gcc/arm-none-eabi/10.2.1/../../../../arm-none-eabi/lib/thumb/v7e-m+fp/hard\libc.a(lib_a-svfprintf.o)
 *fill*         0x0800e5fe        0x2 
 .rodata.blanks.1
                0x0800e600       0x10 c:/program files (x86)/gnu arm embedded toolchain/10 2020-q4-major/bin/../lib/gcc/arm-none-eabi/10.2.1/../../../../arm-none-eabi/lib/thumb/v7e-m+fp/hard\libc.a(lib_a-svfprintf.o)
 .rodata.zeroes.0
                0x0800e610       0x10 c:/program files (x86)/gnu arm embedded toolchain/10 2020-q4-major/bin/../lib/gcc/arm-none-eabi/10.2.1/../../../../arm-none-eabi/lib/thumb/v7e-m+fp/hard\libc.a(lib_a-svfprintf.o)
 .rodata._dtoa_r.str1.4
                0x0800e620       0xa1 c:/program files (x86)/gnu arm embedded toolchain/10 2020-q4-major/bin/../lib/gcc/arm-none-eabi/10.2.1/../../../../arm-none-eabi/lib/thumb/v7e-m+fp/hard\libc.a(lib_a-dtoa.o)
                                 0xa5 (size before relaxing)
 *fill*         0x0800e6c1        0x3 
 .rodata.__multadd.str1.4
                0x0800e6c4       0x7e c:/program files (x86)/gnu arm embedded toolchain/10 2020-q4-major/bin/../lib/gcc/arm-none-eabi/10.2.1/../../../../arm-none-eabi/lib/thumb/v7e-m+fp/hard\libc.a(lib_a-mprec.o)
                                 0x92 (size before relaxing)
 *fill*         0x0800e742        0x6 
 .rodata.__mprec_bigtens
                0x0800e748       0x28 c:/program files (x86)/gnu arm embedded toolchain/10 2020-q4-major/bin/../lib/gcc/arm-none-eabi/10.2.1/../../../../arm-none-eabi/lib/thumb/v7e-m+fp/hard\libc.a(lib_a-mprec.o)
                0x0800e748                __mprec_bigtens
 .rodata.__mprec_tens
                0x0800e770       0xc8 c:/program files (x86)/gnu arm embedded toolchain/10 2020-q4-major/bin/../lib/gcc/arm-none-eabi/10.2.1/../../../../arm-none-eabi/lib/thumb/v7e-m+fp/hard\libc.a(lib_a-mprec.o)
                0x0800e770                __mprec_tens
 .rodata.p05.0  0x0800e838        0xc c:/program files (x86)/gnu arm embedded toolchain/10 2020-q4-major/bin/../lib/gcc/arm-none-eabi/10.2.1/../../../../arm-none-eabi/lib/thumb/v7e-m+fp/hard\libc.a(lib_a-mprec.o)
 .rodata._vfiprintf_r.str1.4
                0x0800e844       0x2f c:/program files (x86)/gnu arm embedded toolchain/10 2020-q4-major/bin/../lib/gcc/arm-none-eabi/10.2.1/../../../../arm-none-eabi/lib/thumb/v7e-m+fp/hard\libc.a(lib_a-vfiprintf.o)
 .rodata.blanks.1
                0x0800e844       0x10 c:/program files (x86)/gnu arm embedded toolchain/10 2020-q4-major/bin/../lib/gcc/arm-none-eabi/10.2.1/../../../../arm-none-eabi/lib/thumb/v7e-m+fp/hard\libc.a(lib_a-vfiprintf.o)
 .rodata.zeroes.0
                0x0800e854       0x10 c:/program files (x86)/gnu arm embedded toolchain/10 2020-q4-major/bin/../lib/gcc/arm-none-eabi/10.2.1/../../../../arm-none-eabi/lib/thumb/v7e-m+fp/hard\libc.a(lib_a-vfiprintf.o)
 .rodata.__assert_func.str1.4
                0x0800e864       0x3f c:/program files (x86)/gnu arm embedded toolchain/10 2020-q4-major/bin/../lib/gcc/arm-none-eabi/10.2.1/../../../../arm-none-eabi/lib/thumb/v7e-m+fp/hard\libc.a(lib_a-assert.o)
                                 0x43 (size before relaxing)
 *fill*         0x0800e8a3        0x1 
 .rodata._setlocale_r.str1.4
                0x0800e8a4        0xa c:/program files (x86)/gnu arm embedded toolchain/10 2020-q4-major/bin/../lib/gcc/arm-none-eabi/10.2.1/../../../../arm-none-eabi/lib/thumb/v7e-m+fp/hard\libc.a(lib_a-locale.o)
                                  0xd (size before relaxing)
 *fill*         0x0800e8ae        0x2 
 .rodata.str1.4
                0x0800e8b0        0x2 c:/program files (x86)/gnu arm embedded toolchain/10 2020-q4-major/bin/../lib/gcc/arm-none-eabi/10.2.1/../../../../arm-none-eabi/lib/thumb/v7e-m+fp/hard\libc.a(lib_a-locale.o)
 *fill*         0x0800e8b2        0x2 
 .rodata._ctype_
                0x0800e8b4      0x101 c:/program files (x86)/gnu arm embedded toolchain/10 2020-q4-major/bin/../lib/gcc/arm-none-eabi/10.2.1/../../../../arm-none-eabi/lib/thumb/v7e-m+fp/hard\libc.a(lib_a-ctype_.o)
                0x0800e8b4                _ctype_
 *(.eh_frame*)
 *fill*         0x0800e9b5        0x3 
 .eh_frame      0x0800e9b8        0x0 c:/program files (x86)/gnu arm embedded toolchain/10 2020-q4-major/bin/../lib/gcc/arm-none-eabi/10.2.1/thumb/v7e-m+fp/hard/crtbegin.o
 .eh_frame      0x0800e9b8        0x4 c:/program files (x86)/gnu arm embedded toolchain/10 2020-q4-major/bin/../lib/gcc/arm-none-eabi/10.2.1/thumb/v7e-m+fp/hard/crtend.o

.glue_7         0x0800e9bc        0x0
 .glue_7        0x0800e9bc        0x0 linker stubs

.glue_7t        0x0800e9bc        0x0
 .glue_7t       0x0800e9bc        0x0 linker stubs

.vfp11_veneer   0x0800e9bc        0x0
 .vfp11_veneer  0x0800e9bc        0x0 linker stubs

.v4_bx          0x0800e9bc        0x0
 .v4_bx         0x0800e9bc        0x0 linker stubs

.iplt           0x0800e9bc        0x0
 .iplt          0x0800e9bc        0x0 c:/program files (x86)/gnu arm embedded toolchain/10 2020-q4-major/bin/../lib/gcc/arm-none-eabi/10.2.1/thumb/v7e-m+fp/hard/crtbegin.o

.ARM.extab
 *(.ARM.extab* .gnu.linkonce.armextab.*)
                0x0800e9bc                __exidx_start = .

.ARM.exidx      0x0800e9bc        0x8
 *(.ARM.exidx* .gnu.linkonce.armexidx.*)
 .ARM.exidx     0x0800e9bc        0x8 c:/program files (x86)/gnu arm embedded toolchain/10 2020-q4-major/bin/../lib/gcc/arm-none-eabi/10.2.1/../../../../arm-none-eabi/lib/thumb/v7e-m+fp/hard/crt0.o
                                 0x10 (size before relaxing)
 .ARM.exidx     0x0800e9c4        0x0 c:/program files (x86)/gnu arm embedded toolchain/10 2020-q4-major/bin/../lib/gcc/arm-none-eabi/10.2.1/thumb/v7e-m+fp/hard\libgcc.a(_udivmoddi4.o)
                                  0x8 (size before relaxing)
                0x0800e9c4                __exidx_end = .
                0x0800e9c4                __etext = .

.rel.dyn        0x0800e9c4        0x0
 .rel.iplt      0x0800e9c4        0x0 c:/program files (x86)/gnu arm embedded toolchain/10 2020-q4-major/bin/../lib/gcc/arm-none-eabi/10.2.1/thumb/v7e-m+fp/hard/crtbegin.o

.data           0x20000000      0xb90 load address 0x0800e9c4
                0x20000000                __data_start__ = .
 *(vtable)
 *(.data*)
 .data.BUTTON_PORT
                0x20000000        0x4 library.a(stm32f429i_discovery.o)
                0x20000000                BUTTON_PORT
 .data.SpixTimeout
                0x20000004        0x4 library.a(stm32f429i_discovery.o)
                0x20000004                SpixTimeout
 .data.Font12   0x20000008        0x8 library.a(stm32f429i_discovery_lcd.o)
                0x20000008                Font12
 .data.Font16   0x20000010        0x8 library.a(stm32f429i_discovery_lcd.o)
                0x20000010                Font16
 .data.Font24   0x20000018        0x8 library.a(stm32f429i_discovery_lcd.o)
                0x20000018                Font24
 .data.context.0
                0x20000020       0x20 library.a(svcHandler.o)
 .data.context.2
                0x20000040       0x20 library.a(svcHandler.o)
 .data.context.4
                0x20000060       0x20 library.a(svcHandler.o)
 .data.context.7
                0x20000080       0x20 library.a(svcHandler.o)
 .data.lines.1  0x200000a0       0x80 library.a(svcHandler.o)
 .data.lines.3  0x20000120       0x30 library.a(svcHandler.o)
 .data.lines.6  0x20000150       0x40 library.a(svcHandler.o)
 .data.SystemCoreClock
                0x20000190        0x4 library.a(system_stm32f4xx.o)
                0x20000190                SystemCoreClock
 .data.ili9341_drv
                0x20000194       0x38 library.a(ili9341.o)
                0x20000194                ili9341_drv
 .data.__fdlib_version
                0x200001cc        0x1 c:/program files (x86)/gnu arm embedded toolchain/10 2020-q4-major/bin/../lib/gcc/arm-none-eabi/10.2.1/../../../../arm-none-eabi/lib/thumb/v7e-m+fp/hard\libm.a(lib_a-s_lib_ver.o)
                0x200001cc                __fdlib_version
 *fill*         0x200001cd        0x3 
 .data._impure_ptr
                0x200001d0        0x4 c:/program files (x86)/gnu arm embedded toolchain/10 2020-q4-major/bin/../lib/gcc/arm-none-eabi/10.2.1/../../../../arm-none-eabi/lib/thumb/v7e-m+fp/hard\libc.a(lib_a-impure.o)
                0x200001d0                _impure_ptr
 *fill*         0x200001d4        0x4 
 .data.impure_data
                0x200001d8      0x428 c:/program files (x86)/gnu arm embedded toolchain/10 2020-q4-major/bin/../lib/gcc/arm-none-eabi/10.2.1/../../../../arm-none-eabi/lib/thumb/v7e-m+fp/hard\libc.a(lib_a-impure.o)
 .data.__atexit_recursive_mutex
                0x20000600        0x4 c:/program files (x86)/gnu arm embedded toolchain/10 2020-q4-major/bin/../lib/gcc/arm-none-eabi/10.2.1/../../../../arm-none-eabi/lib/thumb/v7e-m+fp/hard\libc.a(lib_a-__call_atexit.o)
                0x20000600                __atexit_recursive_mutex
 .data.__malloc_av_
                0x20000604      0x408 c:/program files (x86)/gnu arm embedded toolchain/10 2020-q4-major/bin/../lib/gcc/arm-none-eabi/10.2.1/../../../../arm-none-eabi/lib/thumb/v7e-m+fp/hard\libc.a(lib_a-mallocr.o)
                0x20000604                __malloc_av_
 .data.__malloc_sbrk_base
                0x20000a0c        0x4 c:/program files (x86)/gnu arm embedded toolchain/10 2020-q4-major/bin/../lib/gcc/arm-none-eabi/10.2.1/../../../../arm-none-eabi/lib/thumb/v7e-m+fp/hard\libc.a(lib_a-mallocr.o)
                0x20000a0c                __malloc_sbrk_base
 .data.__malloc_trim_threshold
                0x20000a10        0x4 c:/program files (x86)/gnu arm embedded toolchain/10 2020-q4-major/bin/../lib/gcc/arm-none-eabi/10.2.1/../../../../arm-none-eabi/lib/thumb/v7e-m+fp/hard\libc.a(lib_a-mallocr.o)
                0x20000a10                __malloc_trim_threshold
 .data.__global_locale
                0x20000a14      0x16c c:/program files (x86)/gnu arm embedded toolchain/10 2020-q4-major/bin/../lib/gcc/arm-none-eabi/10.2.1/../../../../arm-none-eabi/lib/thumb/v7e-m+fp/hard\libc.a(lib_a-locale.o)
                0x20000a14                __global_locale
                0x20000b80                . = ALIGN (0x4)
                0x20000b80                PROVIDE (__preinit_array_start = .)
 *(.preinit_array)
                0x20000b80                PROVIDE (__preinit_array_end = .)
                0x20000b80                . = ALIGN (0x4)
                0x20000b80                PROVIDE (__init_array_start = .)
 *(SORT_BY_NAME(.init_array.*))
 .init_array.00000
                0x20000b80        0x4 c:/program files (x86)/gnu arm embedded toolchain/10 2020-q4-major/bin/../lib/gcc/arm-none-eabi/10.2.1/../../../../arm-none-eabi/lib/thumb/v7e-m+fp/hard\libc.a(lib_a-__call_atexit.o)
 *(.init_array)
 .init_array    0x20000b84        0x4 c:/program files (x86)/gnu arm embedded toolchain/10 2020-q4-major/bin/../lib/gcc/arm-none-eabi/10.2.1/thumb/v7e-m+fp/hard/crtbegin.o
                0x20000b88                PROVIDE (__init_array_end = .)
                0x20000b88                . = ALIGN (0x8)
                0x20000b88                PROVIDE (__fini_array_start = .)
 *(SORT_BY_NAME(.fini_array.*))
 *(.fini_array)
 .fini_array    0x20000b88        0x4 c:/program files (x86)/gnu arm embedded toolchain/10 2020-q4-major/bin/../lib/gcc/arm-none-eabi/10.2.1/thumb/v7e-m+fp/hard/crtbegin.o
                0x20000b8c                PROVIDE (__fini_array_end = .)
                0x20000b90                . = ALIGN (0x8)
 *fill*         0x20000b8c        0x4 
                0x20000b90                __data_end__ = .

.igot.plt       0x20000b90        0x0 load address 0x0800f554
 .igot.plt      0x20000b90        0x0 c:/program files (x86)/gnu arm embedded toolchain/10 2020-q4-major/bin/../lib/gcc/arm-none-eabi/10.2.1/thumb/v7e-m+fp/hard/crtbegin.o

.bss            0x20000b90    0x1cb3c load address 0x0800f554
                0x20000b90                __bss_start__ = .
 *(.bss*)
 .bss           0x20000b90       0x1c c:/program files (x86)/gnu arm embedded toolchain/10 2020-q4-major/bin/../lib/gcc/arm-none-eabi/10.2.1/thumb/v7e-m+fp/hard/crtbegin.o
 .bss.buffer    0x20000bac      0x620 library.a(initialize.o)
 .bss.txtCol    0x200011cc        0x4 library.a(initialize.o)
 .bss.txtRow    0x200011d0        0x4 library.a(initialize.o)
 .bss.Is_LCD_IO_Initialized
                0x200011d4        0x1 library.a(stm32f429i_discovery.o)
 *fill*         0x200011d5        0x3 
 .bss.SpiHandle
                0x200011d8       0x58 library.a(stm32f429i_discovery.o)
 .bss.ActiveLayer
                0x20001230        0x4 library.a(stm32f429i_discovery_lcd.o)
 .bss.Dma2dHandler
                0x20001234       0x40 library.a(stm32f429i_discovery_lcd.o)
 .bss.DrawProp  0x20001274       0x18 library.a(stm32f429i_discovery_lcd.o)
 .bss.LcdDrv    0x2000128c        0x4 library.a(stm32f429i_discovery_lcd.o)
                0x2000128c                LcdDrv
 .bss.LtdcHandler
                0x20001290       0xa8 library.a(stm32f429i_discovery_lcd.o)
 .bss.PeriphClkInitStruct
                0x20001338       0x30 library.a(stm32f429i_discovery_lcd.o)
 .bss.Command   0x20001368       0x10 library.a(stm32f429i_discovery_sdram.o)
 .bss.SdramHandle
                0x20001378       0x34 library.a(stm32f429i_discovery_sdram.o)
 .bss.Timing    0x200013ac       0x1c library.a(stm32f429i_discovery_sdram.o)
 .bss.dmaHandle.0
                0x200013c8       0x50 library.a(stm32f429i_discovery_sdram.o)
 .bss.uwTick    0x20001418        0x4 library.a(stm32f4xx_hal.o)
 .bss.rgb       0x2000141c    0x1c200 library.a(svcHandler.o)
                0x2000141c                rgb
 .bss.text.5    0x2001d61c       0x64 library.a(svcHandler.o)
 .bss.__lock___atexit_recursive_mutex
                0x2001d680        0x1 c:/program files (x86)/gnu arm embedded toolchain/10 2020-q4-major/bin/../lib/gcc/arm-none-eabi/10.2.1/../../../../arm-none-eabi/lib/thumb/v7e-m+fp/hard\libc.a(lib_a-lock.o)
                0x2001d680                __lock___atexit_recursive_mutex
 *fill*         0x2001d681        0x3 
 .bss.__lock___malloc_recursive_mutex
                0x2001d684        0x1 c:/program files (x86)/gnu arm embedded toolchain/10 2020-q4-major/bin/../lib/gcc/arm-none-eabi/10.2.1/../../../../arm-none-eabi/lib/thumb/v7e-m+fp/hard\libc.a(lib_a-lock.o)
                0x2001d684                __lock___malloc_recursive_mutex
 *fill*         0x2001d685        0x3 
 .bss.__lock___sfp_recursive_mutex
                0x2001d688        0x1 c:/program files (x86)/gnu arm embedded toolchain/10 2020-q4-major/bin/../lib/gcc/arm-none-eabi/10.2.1/../../../../arm-none-eabi/lib/thumb/v7e-m+fp/hard\libc.a(lib_a-lock.o)
                0x2001d688                __lock___sfp_recursive_mutex
 *fill*         0x2001d689        0x3 
 .bss.__lock___sinit_recursive_mutex
                0x2001d68c        0x1 c:/program files (x86)/gnu arm embedded toolchain/10 2020-q4-major/bin/../lib/gcc/arm-none-eabi/10.2.1/../../../../arm-none-eabi/lib/thumb/v7e-m+fp/hard\libc.a(lib_a-lock.o)
                0x2001d68c                __lock___sinit_recursive_mutex
 *fill*         0x2001d68d        0x3 
 .bss.__malloc_current_mallinfo
                0x2001d690       0x28 c:/program files (x86)/gnu arm embedded toolchain/10 2020-q4-major/bin/../lib/gcc/arm-none-eabi/10.2.1/../../../../arm-none-eabi/lib/thumb/v7e-m+fp/hard\libc.a(lib_a-mallocr.o)
                0x2001d690                __malloc_current_mallinfo
 .bss.__malloc_max_sbrked_mem
                0x2001d6b8        0x4 c:/program files (x86)/gnu arm embedded toolchain/10 2020-q4-major/bin/../lib/gcc/arm-none-eabi/10.2.1/../../../../arm-none-eabi/lib/thumb/v7e-m+fp/hard\libc.a(lib_a-mallocr.o)
                0x2001d6b8                __malloc_max_sbrked_mem
 .bss.__malloc_max_total_mem
                0x2001d6bc        0x4 c:/program files (x86)/gnu arm embedded toolchain/10 2020-q4-major/bin/../lib/gcc/arm-none-eabi/10.2.1/../../../../arm-none-eabi/lib/thumb/v7e-m+fp/hard\libc.a(lib_a-mallocr.o)
                0x2001d6bc                __malloc_max_total_mem
 .bss.__malloc_top_pad
                0x2001d6c0        0x4 c:/program files (x86)/gnu arm embedded toolchain/10 2020-q4-major/bin/../lib/gcc/arm-none-eabi/10.2.1/../../../../arm-none-eabi/lib/thumb/v7e-m+fp/hard\libc.a(lib_a-mallocr.o)
                0x2001d6c0                __malloc_top_pad
 .bss.errno     0x2001d6c4        0x4 c:/program files (x86)/gnu arm embedded toolchain/10 2020-q4-major/bin/../lib/gcc/arm-none-eabi/10.2.1/../../../../arm-none-eabi/lib/thumb/v7e-m+fp/hard\libc.a(lib_a-reent.o)
                0x2001d6c4                errno
 .bss.heap_end.0
                0x2001d6c8        0x4 c:/program files (x86)/gnu arm embedded toolchain/10 2020-q4-major/bin/../lib/gcc/arm-none-eabi/10.2.1/../../../../arm-none-eabi/lib/thumb/v7e-m+fp/hard\libnosys.a(sbrk.o)
 *(COMMON)
                0x2001d6cc                __bss_end__ = .

.ccm            0x10000000        0x0
                0x10000000                . = ALIGN (0x4)
                0x10000000                __ccm_start__ = .
 *(.ccm*)
                0x10000000                . = ALIGN (0x4)
                0x10000000                __ccm_end__ = .

.heap           0x10000000      0xc00
                0x10000000                __end__ = .
                0x10000000                end = __end__
 *(.heap*)
 .heap          0x10000000      0xc00 library.a(startup_stm32f429xx.o)
                0x10000000                __HeapBase
                0x10000c00                __HeapLimit = .

.stack_dummy    0x10000000     0x1000
 *(.stack)
 .stack         0x10000000     0x1000 library.a(startup_stm32f429xx.o)
                0x10010000                __StackTop = (ORIGIN (CCM) + LENGTH (CCM))
                0x1000f000                __StackLimit = (__StackTop - SIZEOF (.stack_dummy))
                0x10010000                PROVIDE (__stack = __StackTop)
                0x00000001                ASSERT ((__StackLimit >= __HeapLimit), region CCM overflowed with stack)
OUTPUT(output.elf elf32-littlearm)
LOAD linker stubs

.ARM.attributes
                0x00000000       0x30
 .ARM.attributes
                0x00000000       0x1e c:/program files (x86)/gnu arm embedded toolchain/10 2020-q4-major/bin/../lib/gcc/arm-none-eabi/10.2.1/thumb/v7e-m+fp/hard/crti.o
 .ARM.attributes
                0x0000001e       0x34 c:/program files (x86)/gnu arm embedded toolchain/10 2020-q4-major/bin/../lib/gcc/arm-none-eabi/10.2.1/thumb/v7e-m+fp/hard/crtbegin.o
 .ARM.attributes
                0x00000052       0x1c c:/program files (x86)/gnu arm embedded toolchain/10 2020-q4-major/bin/../lib/gcc/arm-none-eabi/10.2.1/../../../../arm-none-eabi/lib/thumb/v7e-m+fp/hard/crt0.o
 .ARM.attributes
                0x0000006e       0x34 obj/Lab11E-Main-c.o
 .ARM.attributes
                0x000000a2       0x25 obj/Lab11E-Mine-s.o
 .ARM.attributes
                0x000000c7       0x34 library.a(initialize.o)
 .ARM.attributes
                0x000000fb       0x34 library.a(stm32f429i_discovery.o)
 .ARM.attributes
                0x0000012f       0x34 library.a(stm32f429i_discovery_lcd.o)
 .ARM.attributes
                0x00000163       0x34 library.a(stm32f429i_discovery_sdram.o)
 .ARM.attributes
                0x00000197       0x34 library.a(stm32f4xx_hal.o)
 .ARM.attributes
                0x000001cb       0x34 library.a(stm32f4xx_hal_cortex.o)
 .ARM.attributes
                0x000001ff       0x34 library.a(stm32f4xx_hal_dma.o)
 .ARM.attributes
                0x00000233       0x34 library.a(stm32f4xx_hal_dma2d.o)
 .ARM.attributes
                0x00000267       0x34 library.a(stm32f4xx_hal_gpio.o)
 .ARM.attributes
                0x0000029b       0x34 library.a(stm32f4xx_hal_ltdc.o)
 .ARM.attributes
                0x000002cf       0x34 library.a(stm32f4xx_hal_rcc.o)
 .ARM.attributes
                0x00000303       0x34 library.a(stm32f4xx_hal_rcc_ex.o)
 .ARM.attributes
                0x00000337       0x34 library.a(stm32f4xx_hal_sdram.o)
 .ARM.attributes
                0x0000036b       0x34 library.a(stm32f4xx_hal_spi.o)
 .ARM.attributes
                0x0000039f       0x34 library.a(stm32f4xx_it.o)
 .ARM.attributes
                0x000003d3       0x34 library.a(stm32f4xx_ll_fmc.o)
 .ARM.attributes
                0x00000407       0x34 library.a(svcHandler.o)
 .ARM.attributes
                0x0000043b       0x34 library.a(system_stm32f4xx.o)
 .ARM.attributes
                0x0000046f       0x1f library.a(startup_stm32f429xx.o)
 .ARM.attributes
                0x0000048e       0x34 library.a(ili9341.o)
 .ARM.attributes
                0x000004c2       0x34 c:/program files (x86)/gnu arm embedded toolchain/10 2020-q4-major/bin/../lib/gcc/arm-none-eabi/10.2.1/../../../../arm-none-eabi/lib/thumb/v7e-m+fp/hard\libm.a(lib_a-wf_sqrt.o)
 .ARM.attributes
                0x000004f6       0x34 c:/program files (x86)/gnu arm embedded toolchain/10 2020-q4-major/bin/../lib/gcc/arm-none-eabi/10.2.1/../../../../arm-none-eabi/lib/thumb/v7e-m+fp/hard\libm.a(lib_a-ef_sqrt.o)
 .ARM.attributes
                0x0000052a       0x32 c:/program files (x86)/gnu arm embedded toolchain/10 2020-q4-major/bin/../lib/gcc/arm-none-eabi/10.2.1/../../../../arm-none-eabi/lib/thumb/v7e-m+fp/hard\libm.a(lib_a-s_lib_ver.o)
 .ARM.attributes
                0x0000055c       0x34 c:/program files (x86)/gnu arm embedded toolchain/10 2020-q4-major/bin/../lib/gcc/arm-none-eabi/10.2.1/../../../../arm-none-eabi/lib/thumb/v7e-m+fp/hard\libc.a(lib_a-errno.o)
 .ARM.attributes
                0x00000590       0x34 c:/program files (x86)/gnu arm embedded toolchain/10 2020-q4-major/bin/../lib/gcc/arm-none-eabi/10.2.1/../../../../arm-none-eabi/lib/thumb/v7e-m+fp/hard\libc.a(lib_a-exit.o)
 .ARM.attributes
                0x000005c4       0x32 c:/program files (x86)/gnu arm embedded toolchain/10 2020-q4-major/bin/../lib/gcc/arm-none-eabi/10.2.1/../../../../arm-none-eabi/lib/thumb/v7e-m+fp/hard\libc.a(lib_a-impure.o)
 .ARM.attributes
                0x000005f6       0x34 c:/program files (x86)/gnu arm embedded toolchain/10 2020-q4-major/bin/../lib/gcc/arm-none-eabi/10.2.1/../../../../arm-none-eabi/lib/thumb/v7e-m+fp/hard\libc.a(lib_a-init.o)
 .ARM.attributes
                0x0000062a       0x1c c:/program files (x86)/gnu arm embedded toolchain/10 2020-q4-major/bin/../lib/gcc/arm-none-eabi/10.2.1/../../../../arm-none-eabi/lib/thumb/v7e-m+fp/hard\libc.a(lib_a-memcpy.o)
 .ARM.attributes
                0x00000646       0x34 c:/program files (x86)/gnu arm embedded toolchain/10 2020-q4-major/bin/../lib/gcc/arm-none-eabi/10.2.1/../../../../arm-none-eabi/lib/thumb/v7e-m+fp/hard\libc.a(lib_a-memset.o)
 .ARM.attributes
                0x0000067a       0x34 c:/program files (x86)/gnu arm embedded toolchain/10 2020-q4-major/bin/../lib/gcc/arm-none-eabi/10.2.1/../../../../arm-none-eabi/lib/thumb/v7e-m+fp/hard\libc.a(lib_a-sprintf.o)
 .ARM.attributes
                0x000006ae       0x34 c:/program files (x86)/gnu arm embedded toolchain/10 2020-q4-major/bin/../lib/gcc/arm-none-eabi/10.2.1/../../../../arm-none-eabi/lib/thumb/v7e-m+fp/hard\libc.a(lib_a-strcpy.o)
 .ARM.attributes
                0x000006e2       0x1c c:/program files (x86)/gnu arm embedded toolchain/10 2020-q4-major/bin/../lib/gcc/arm-none-eabi/10.2.1/../../../../arm-none-eabi/lib/thumb/v7e-m+fp/hard\libc.a(lib_a-strlen.o)
 .ARM.attributes
                0x000006fe       0x34 c:/program files (x86)/gnu arm embedded toolchain/10 2020-q4-major/bin/../lib/gcc/arm-none-eabi/10.2.1/../../../../arm-none-eabi/lib/thumb/v7e-m+fp/hard\libc.a(lib_a-svfprintf.o)
 .ARM.attributes
                0x00000732       0x34 c:/program files (x86)/gnu arm embedded toolchain/10 2020-q4-major/bin/../lib/gcc/arm-none-eabi/10.2.1/../../../../arm-none-eabi/lib/thumb/v7e-m+fp/hard\libc.a(lib_a-wsetup.o)
 .ARM.attributes
                0x00000766       0x34 c:/program files (x86)/gnu arm embedded toolchain/10 2020-q4-major/bin/../lib/gcc/arm-none-eabi/10.2.1/../../../../arm-none-eabi/lib/thumb/v7e-m+fp/hard\libc.a(lib_a-__call_atexit.o)
 .ARM.attributes
                0x0000079a       0x34 c:/program files (x86)/gnu arm embedded toolchain/10 2020-q4-major/bin/../lib/gcc/arm-none-eabi/10.2.1/../../../../arm-none-eabi/lib/thumb/v7e-m+fp/hard\libc.a(lib_a-atexit.o)
 .ARM.attributes
                0x000007ce       0x34 c:/program files (x86)/gnu arm embedded toolchain/10 2020-q4-major/bin/../lib/gcc/arm-none-eabi/10.2.1/../../../../arm-none-eabi/lib/thumb/v7e-m+fp/hard\libc.a(lib_a-dtoa.o)
 .ARM.attributes
                0x00000802       0x34 c:/program files (x86)/gnu arm embedded toolchain/10 2020-q4-major/bin/../lib/gcc/arm-none-eabi/10.2.1/../../../../arm-none-eabi/lib/thumb/v7e-m+fp/hard\libc.a(lib_a-fflush.o)
 .ARM.attributes
                0x00000836       0x34 c:/program files (x86)/gnu arm embedded toolchain/10 2020-q4-major/bin/../lib/gcc/arm-none-eabi/10.2.1/../../../../arm-none-eabi/lib/thumb/v7e-m+fp/hard\libc.a(lib_a-findfp.o)
 .ARM.attributes
                0x0000086a       0x34 c:/program files (x86)/gnu arm embedded toolchain/10 2020-q4-major/bin/../lib/gcc/arm-none-eabi/10.2.1/../../../../arm-none-eabi/lib/thumb/v7e-m+fp/hard\libc.a(lib_a-fini.o)
 .ARM.attributes
                0x0000089e       0x34 c:/program files (x86)/gnu arm embedded toolchain/10 2020-q4-major/bin/../lib/gcc/arm-none-eabi/10.2.1/../../../../arm-none-eabi/lib/thumb/v7e-m+fp/hard\libc.a(lib_a-freer.o)
 .ARM.attributes
                0x000008d2       0x34 c:/program files (x86)/gnu arm embedded toolchain/10 2020-q4-major/bin/../lib/gcc/arm-none-eabi/10.2.1/../../../../arm-none-eabi/lib/thumb/v7e-m+fp/hard\libc.a(lib_a-fwalk.o)
 .ARM.attributes
                0x00000906       0x34 c:/program files (x86)/gnu arm embedded toolchain/10 2020-q4-major/bin/../lib/gcc/arm-none-eabi/10.2.1/../../../../arm-none-eabi/lib/thumb/v7e-m+fp/hard\libc.a(lib_a-localeconv.o)
 .ARM.attributes
                0x0000093a       0x34 c:/program files (x86)/gnu arm embedded toolchain/10 2020-q4-major/bin/../lib/gcc/arm-none-eabi/10.2.1/../../../../arm-none-eabi/lib/thumb/v7e-m+fp/hard\libc.a(lib_a-lock.o)
 .ARM.attributes
                0x0000096e       0x34 c:/program files (x86)/gnu arm embedded toolchain/10 2020-q4-major/bin/../lib/gcc/arm-none-eabi/10.2.1/../../../../arm-none-eabi/lib/thumb/v7e-m+fp/hard\libc.a(lib_a-makebuf.o)
 .ARM.attributes
                0x000009a2       0x34 c:/program files (x86)/gnu arm embedded toolchain/10 2020-q4-major/bin/../lib/gcc/arm-none-eabi/10.2.1/../../../../arm-none-eabi/lib/thumb/v7e-m+fp/hard\libc.a(lib_a-mallocr.o)
 .ARM.attributes
                0x000009d6       0x1c c:/program files (x86)/gnu arm embedded toolchain/10 2020-q4-major/bin/../lib/gcc/arm-none-eabi/10.2.1/../../../../arm-none-eabi/lib/thumb/v7e-m+fp/hard\libc.a(lib_a-memchr.o)
 .ARM.attributes
                0x000009f2       0x34 c:/program files (x86)/gnu arm embedded toolchain/10 2020-q4-major/bin/../lib/gcc/arm-none-eabi/10.2.1/../../../../arm-none-eabi/lib/thumb/v7e-m+fp/hard\libc.a(lib_a-mlock.o)
 .ARM.attributes
                0x00000a26       0x34 c:/program files (x86)/gnu arm embedded toolchain/10 2020-q4-major/bin/../lib/gcc/arm-none-eabi/10.2.1/../../../../arm-none-eabi/lib/thumb/v7e-m+fp/hard\libc.a(lib_a-mprec.o)
 .ARM.attributes
                0x00000a5a       0x34 c:/program files (x86)/gnu arm embedded toolchain/10 2020-q4-major/bin/../lib/gcc/arm-none-eabi/10.2.1/../../../../arm-none-eabi/lib/thumb/v7e-m+fp/hard\libc.a(lib_a-s_frexp.o)
 .ARM.attributes
                0x00000a8e       0x34 c:/program files (x86)/gnu arm embedded toolchain/10 2020-q4-major/bin/../lib/gcc/arm-none-eabi/10.2.1/../../../../arm-none-eabi/lib/thumb/v7e-m+fp/hard\libc.a(lib_a-sbrkr.o)
 .ARM.attributes
                0x00000ac2       0x34 c:/program files (x86)/gnu arm embedded toolchain/10 2020-q4-major/bin/../lib/gcc/arm-none-eabi/10.2.1/../../../../arm-none-eabi/lib/thumb/v7e-m+fp/hard\libc.a(lib_a-stdio.o)
 .ARM.attributes
                0x00000af6       0x34 c:/program files (x86)/gnu arm embedded toolchain/10 2020-q4-major/bin/../lib/gcc/arm-none-eabi/10.2.1/../../../../arm-none-eabi/lib/thumb/v7e-m+fp/hard\libc.a(lib_a-strncpy.o)
 .ARM.attributes
                0x00000b2a       0x34 c:/program files (x86)/gnu arm embedded toolchain/10 2020-q4-major/bin/../lib/gcc/arm-none-eabi/10.2.1/../../../../arm-none-eabi/lib/thumb/v7e-m+fp/hard\libc.a(lib_a-svfiprintf.o)
 .ARM.attributes
                0x00000b5e       0x34 c:/program files (x86)/gnu arm embedded toolchain/10 2020-q4-major/bin/../lib/gcc/arm-none-eabi/10.2.1/../../../../arm-none-eabi/lib/thumb/v7e-m+fp/hard\libc.a(lib_a-vfiprintf.o)
 .ARM.attributes
                0x00000b92       0x34 c:/program files (x86)/gnu arm embedded toolchain/10 2020-q4-major/bin/../lib/gcc/arm-none-eabi/10.2.1/../../../../arm-none-eabi/lib/thumb/v7e-m+fp/hard\libc.a(lib_a-writer.o)
 .ARM.attributes
                0x00000bc6       0x34 c:/program files (x86)/gnu arm embedded toolchain/10 2020-q4-major/bin/../lib/gcc/arm-none-eabi/10.2.1/../../../../arm-none-eabi/lib/thumb/v7e-m+fp/hard\libc.a(lib_a-__atexit.o)
 .ARM.attributes
                0x00000bfa       0x34 c:/program files (x86)/gnu arm embedded toolchain/10 2020-q4-major/bin/../lib/gcc/arm-none-eabi/10.2.1/../../../../arm-none-eabi/lib/thumb/v7e-m+fp/hard\libc.a(lib_a-assert.o)
 .ARM.attributes
                0x00000c2e       0x34 c:/program files (x86)/gnu arm embedded toolchain/10 2020-q4-major/bin/../lib/gcc/arm-none-eabi/10.2.1/../../../../arm-none-eabi/lib/thumb/v7e-m+fp/hard\libc.a(lib_a-callocr.o)
 .ARM.attributes
                0x00000c62       0x34 c:/program files (x86)/gnu arm embedded toolchain/10 2020-q4-major/bin/../lib/gcc/arm-none-eabi/10.2.1/../../../../arm-none-eabi/lib/thumb/v7e-m+fp/hard\libc.a(lib_a-closer.o)
 .ARM.attributes
                0x00000c96       0x34 c:/program files (x86)/gnu arm embedded toolchain/10 2020-q4-major/bin/../lib/gcc/arm-none-eabi/10.2.1/../../../../arm-none-eabi/lib/thumb/v7e-m+fp/hard\libc.a(lib_a-fclose.o)
 .ARM.attributes
                0x00000cca       0x34 c:/program files (x86)/gnu arm embedded toolchain/10 2020-q4-major/bin/../lib/gcc/arm-none-eabi/10.2.1/../../../../arm-none-eabi/lib/thumb/v7e-m+fp/hard\libc.a(lib_a-fiprintf.o)
 .ARM.attributes
                0x00000cfe       0x34 c:/program files (x86)/gnu arm embedded toolchain/10 2020-q4-major/bin/../lib/gcc/arm-none-eabi/10.2.1/../../../../arm-none-eabi/lib/thumb/v7e-m+fp/hard\libc.a(lib_a-fputwc.o)
 .ARM.attributes
                0x00000d32       0x34 c:/program files (x86)/gnu arm embedded toolchain/10 2020-q4-major/bin/../lib/gcc/arm-none-eabi/10.2.1/../../../../arm-none-eabi/lib/thumb/v7e-m+fp/hard\libc.a(lib_a-fstatr.o)
 .ARM.attributes
                0x00000d66       0x34 c:/program files (x86)/gnu arm embedded toolchain/10 2020-q4-major/bin/../lib/gcc/arm-none-eabi/10.2.1/../../../../arm-none-eabi/lib/thumb/v7e-m+fp/hard\libc.a(lib_a-fvwrite.o)
 .ARM.attributes
                0x00000d9a       0x34 c:/program files (x86)/gnu arm embedded toolchain/10 2020-q4-major/bin/../lib/gcc/arm-none-eabi/10.2.1/../../../../arm-none-eabi/lib/thumb/v7e-m+fp/hard\libc.a(lib_a-isattyr.o)
 .ARM.attributes
                0x00000dce       0x34 c:/program files (x86)/gnu arm embedded toolchain/10 2020-q4-major/bin/../lib/gcc/arm-none-eabi/10.2.1/../../../../arm-none-eabi/lib/thumb/v7e-m+fp/hard\libc.a(lib_a-locale.o)
 .ARM.attributes
                0x00000e02       0x34 c:/program files (x86)/gnu arm embedded toolchain/10 2020-q4-major/bin/../lib/gcc/arm-none-eabi/10.2.1/../../../../arm-none-eabi/lib/thumb/v7e-m+fp/hard\libc.a(lib_a-lseekr.o)
 .ARM.attributes
                0x00000e36       0x34 c:/program files (x86)/gnu arm embedded toolchain/10 2020-q4-major/bin/../lib/gcc/arm-none-eabi/10.2.1/../../../../arm-none-eabi/lib/thumb/v7e-m+fp/hard\libc.a(lib_a-mbtowc_r.o)
 .ARM.attributes
                0x00000e6a       0x34 c:/program files (x86)/gnu arm embedded toolchain/10 2020-q4-major/bin/../lib/gcc/arm-none-eabi/10.2.1/../../../../arm-none-eabi/lib/thumb/v7e-m+fp/hard\libc.a(lib_a-memmove.o)
 .ARM.attributes
                0x00000e9e       0x34 c:/program files (x86)/gnu arm embedded toolchain/10 2020-q4-major/bin/../lib/gcc/arm-none-eabi/10.2.1/../../../../arm-none-eabi/lib/thumb/v7e-m+fp/hard\libc.a(lib_a-readr.o)
 .ARM.attributes
                0x00000ed2       0x34 c:/program files (x86)/gnu arm embedded toolchain/10 2020-q4-major/bin/../lib/gcc/arm-none-eabi/10.2.1/../../../../arm-none-eabi/lib/thumb/v7e-m+fp/hard\libc.a(lib_a-reallocr.o)
 .ARM.attributes
                0x00000f06       0x34 c:/program files (x86)/gnu arm embedded toolchain/10 2020-q4-major/bin/../lib/gcc/arm-none-eabi/10.2.1/../../../../arm-none-eabi/lib/thumb/v7e-m+fp/hard\libc.a(lib_a-reent.o)
 .ARM.attributes
                0x00000f3a       0x34 c:/program files (x86)/gnu arm embedded toolchain/10 2020-q4-major/bin/../lib/gcc/arm-none-eabi/10.2.1/../../../../arm-none-eabi/lib/thumb/v7e-m+fp/hard\libc.a(lib_a-wbuf.o)
 .ARM.attributes
                0x00000f6e       0x34 c:/program files (x86)/gnu arm embedded toolchain/10 2020-q4-major/bin/../lib/gcc/arm-none-eabi/10.2.1/../../../../arm-none-eabi/lib/thumb/v7e-m+fp/hard\libc.a(lib_a-wcrtomb.o)
 .ARM.attributes
                0x00000fa2       0x34 c:/program files (x86)/gnu arm embedded toolchain/10 2020-q4-major/bin/../lib/gcc/arm-none-eabi/10.2.1/../../../../arm-none-eabi/lib/thumb/v7e-m+fp/hard\libc.a(lib_a-wctomb_r.o)
 .ARM.attributes
                0x00000fd6       0x34 c:/program files (x86)/gnu arm embedded toolchain/10 2020-q4-major/bin/../lib/gcc/arm-none-eabi/10.2.1/../../../../arm-none-eabi/lib/thumb/v7e-m+fp/hard\libc.a(lib_a-abort.o)
 .ARM.attributes
                0x0000100a       0x32 c:/program files (x86)/gnu arm embedded toolchain/10 2020-q4-major/bin/../lib/gcc/arm-none-eabi/10.2.1/../../../../arm-none-eabi/lib/thumb/v7e-m+fp/hard\libc.a(lib_a-ctype_.o)
 .ARM.attributes
                0x0000103c       0x34 c:/program files (x86)/gnu arm embedded toolchain/10 2020-q4-major/bin/../lib/gcc/arm-none-eabi/10.2.1/../../../../arm-none-eabi/lib/thumb/v7e-m+fp/hard\libc.a(lib_a-signal.o)
 .ARM.attributes
                0x00001070       0x34 c:/program files (x86)/gnu arm embedded toolchain/10 2020-q4-major/bin/../lib/gcc/arm-none-eabi/10.2.1/../../../../arm-none-eabi/lib/thumb/v7e-m+fp/hard\libc.a(lib_a-signalr.o)
 .ARM.attributes
                0x000010a4       0x34 c:/program files (x86)/gnu arm embedded toolchain/10 2020-q4-major/bin/../lib/gcc/arm-none-eabi/10.2.1/../../../../arm-none-eabi/lib/thumb/v7e-m+fp/hard\libnosys.a(close.o)
 .ARM.attributes
                0x000010d8       0x34 c:/program files (x86)/gnu arm embedded toolchain/10 2020-q4-major/bin/../lib/gcc/arm-none-eabi/10.2.1/../../../../arm-none-eabi/lib/thumb/v7e-m+fp/hard\libnosys.a(fstat.o)
 .ARM.attributes
                0x0000110c       0x34 c:/program files (x86)/gnu arm embedded toolchain/10 2020-q4-major/bin/../lib/gcc/arm-none-eabi/10.2.1/../../../../arm-none-eabi/lib/thumb/v7e-m+fp/hard\libnosys.a(getpid.o)
 .ARM.attributes
                0x00001140       0x34 c:/program files (x86)/gnu arm embedded toolchain/10 2020-q4-major/bin/../lib/gcc/arm-none-eabi/10.2.1/../../../../arm-none-eabi/lib/thumb/v7e-m+fp/hard\libnosys.a(isatty.o)
 .ARM.attributes
                0x00001174       0x34 c:/program files (x86)/gnu arm embedded toolchain/10 2020-q4-major/bin/../lib/gcc/arm-none-eabi/10.2.1/../../../../arm-none-eabi/lib/thumb/v7e-m+fp/hard\libnosys.a(kill.o)
 .ARM.attributes
                0x000011a8       0x34 c:/program files (x86)/gnu arm embedded toolchain/10 2020-q4-major/bin/../lib/gcc/arm-none-eabi/10.2.1/../../../../arm-none-eabi/lib/thumb/v7e-m+fp/hard\libnosys.a(lseek.o)
 .ARM.attributes
                0x000011dc       0x34 c:/program files (x86)/gnu arm embedded toolchain/10 2020-q4-major/bin/../lib/gcc/arm-none-eabi/10.2.1/../../../../arm-none-eabi/lib/thumb/v7e-m+fp/hard\libnosys.a(read.o)
 .ARM.attributes